Archive member included because of file (symbol)

c:/hightec/toolchains/tricore/v4.9.3.0/bin/../lib/gcc/tricore/4.9.4/tc162\libgcc.a(memcpy.o)
                              deps/core/Os/FreeRTOS/CMakeFiles/FreeRTOS.dir/./queue.o (memcpy)
c:/hightec/toolchains/tricore/v4.9.3.0/bin/../lib/gcc/tricore/4.9.4/tc162\libgcc.a(memset.o)
                              deps/core/Os/FreeRTOS/CMakeFiles/FreeRTOS.dir/./stream_buffer.o (memset)
c:/hightec/toolchains/tricore/v4.9.3.0/bin/../lib/gcc/tricore/4.9.4/tc162\libgcc.a(_fixunsdfsi.o)
                              deps/dal/tc36x/CMakeFiles/CStart.dir/Libraries/Infra/Ssw/TC36A/Tricore/Ifx_Ssw_Tc1.o (__fixunsdfsi)
c:/hightec/toolchains/tricore/v4.9.3.0/bin/../lib/gcc/tricore/4.9.4/tc162\libgcc.a(_sf_to_df.o)
                              deps/dal/tc36x/CMakeFiles/CStart.dir/Libraries/Infra/Ssw/TC36A/Tricore/Ifx_Ssw_Tc1.o (__extendsfdf2)
c:/hightec/toolchains/tricore/v4.9.3.0/bin/../lib/gcc/tricore/4.9.4/tc162\libgcc.a(_addsub_df.o)
                              deps/dal/tc36x/CMakeFiles/CStart.dir/Libraries/iLLD/TC36A/Tricore/Scu/Std/IfxScuCcu.o (__adddf3)
c:/hightec/toolchains/tricore/v4.9.3.0/bin/../lib/gcc/tricore/4.9.4/tc162\libgcc.a(_mul_df.o)
                              deps/dal/tc36x/CMakeFiles/CStart.dir/Libraries/Infra/Ssw/TC36A/Tricore/Ifx_Ssw_Tc1.o (__muldf3)
c:/hightec/toolchains/tricore/v4.9.3.0/bin/../lib/gcc/tricore/4.9.4/tc162\libgcc.a(_div_df.o)
                              deps/dal/tc36x/CMakeFiles/CStart.dir/Libraries/iLLD/TC36A/Tricore/Scu/Std/IfxScuCcu.o (__divdf3)
c:/hightec/toolchains/tricore/v4.9.3.0/bin/../lib/gcc/tricore/4.9.4/tc162\libgcc.a(_gt_df.o)
                              deps/core/Os/FreeRTOS/CMakeFiles/FreeRTOS.dir/./__/__/__/dal/tc36x/Libraries/iLLD/TC36A/Tricore/Stm/Timer/IfxStm_Timer.o (__gtdf2)
c:/hightec/toolchains/tricore/v4.9.3.0/bin/../lib/gcc/tricore/4.9.4/tc162\libgcc.a(_ge_df.o)
                              c:/hightec/toolchains/tricore/v4.9.3.0/bin/../lib/gcc/tricore/4.9.4/tc162\libgcc.a(_fixunsdfsi.o) (__gedf2)
c:/hightec/toolchains/tricore/v4.9.3.0/bin/../lib/gcc/tricore/4.9.4/tc162\libgcc.a(_si_to_df.o)
                              deps/dal/tc36x/CMakeFiles/CStart.dir/Libraries/iLLD/TC36A/Tricore/Scu/Std/IfxScuCcu.o (__floatsidf)
c:/hightec/toolchains/tricore/v4.9.3.0/bin/../lib/gcc/tricore/4.9.4/tc162\libgcc.a(_df_to_si.o)
                              c:/hightec/toolchains/tricore/v4.9.3.0/bin/../lib/gcc/tricore/4.9.4/tc162\libgcc.a(_fixunsdfsi.o) (__fixdfsi)
c:/hightec/toolchains/tricore/v4.9.3.0/bin/../lib/gcc/tricore/4.9.4/tc162\libgcc.a(_make_df.o)
                              c:/hightec/toolchains/tricore/v4.9.3.0/bin/../lib/gcc/tricore/4.9.4/tc162\libgcc.a(_sf_to_df.o) (__make_dp)
c:/hightec/toolchains/tricore/v4.9.3.0/bin/../lib/gcc/tricore/4.9.4/tc162\libgcc.a(_df_to_sf.o)
                              deps/dal/tc36x/CMakeFiles/CStart.dir/Libraries/iLLD/TC36A/Tricore/Scu/Std/IfxScuCcu.o (__truncdfsf2)
c:/hightec/toolchains/tricore/v4.9.3.0/bin/../lib/gcc/tricore/4.9.4/tc162\libgcc.a(_thenan_df.o)
                              c:/hightec/toolchains/tricore/v4.9.3.0/bin/../lib/gcc/tricore/4.9.4/tc162\libgcc.a(_addsub_df.o) (__thenan_df)
c:/hightec/toolchains/tricore/v4.9.3.0/bin/../lib/gcc/tricore/4.9.4/tc162\libgcc.a(_ashldi3.o)
                              c:/hightec/toolchains/tricore/v4.9.3.0/bin/../lib/gcc/tricore/4.9.4/tc162\libgcc.a(_addsub_df.o) (__ashldi3)
c:/hightec/toolchains/tricore/v4.9.3.0/bin/../lib/gcc/tricore/4.9.4/tc162\libgcc.a(_lshrdi3.o)
                              c:/hightec/toolchains/tricore/v4.9.3.0/bin/../lib/gcc/tricore/4.9.4/tc162\libgcc.a(_addsub_df.o) (__lshrdi3)
c:/hightec/toolchains/tricore/v4.9.3.0/bin/../lib/gcc/tricore/4.9.4/tc162\libgcc.a(_unpack_sf.o)
                              c:/hightec/toolchains/tricore/v4.9.3.0/bin/../lib/gcc/tricore/4.9.4/tc162\libgcc.a(_sf_to_df.o) (__unpack_f)
c:/hightec/toolchains/tricore/v4.9.3.0/bin/../lib/gcc/tricore/4.9.4/tc162\libgcc.a(_make_sf.o)
                              c:/hightec/toolchains/tricore/v4.9.3.0/bin/../lib/gcc/tricore/4.9.4/tc162\libgcc.a(_df_to_sf.o) (__make_fp)
c:/hightec/toolchains/tricore/v4.9.3.0/bin/../lib/gcc/tricore/4.9.4/tc162\libgcc.a(_pack_df.o)
                              c:/hightec/toolchains/tricore/v4.9.3.0/bin/../lib/gcc/tricore/4.9.4/tc162\libgcc.a(_addsub_df.o) (__pack_d)
c:/hightec/toolchains/tricore/v4.9.3.0/bin/../lib/gcc/tricore/4.9.4/tc162\libgcc.a(_unpack_df.o)
                              c:/hightec/toolchains/tricore/v4.9.3.0/bin/../lib/gcc/tricore/4.9.4/tc162\libgcc.a(_addsub_df.o) (__unpack_d)
c:/hightec/toolchains/tricore/v4.9.3.0/bin/../lib/gcc/tricore/4.9.4/tc162\libgcc.a(_fpcmp_parts_df.o)
                              c:/hightec/toolchains/tricore/v4.9.3.0/bin/../lib/gcc/tricore/4.9.4/tc162\libgcc.a(_gt_df.o) (__fpcmp_parts_d)
c:/hightec/toolchains/tricore/v4.9.3.0/bin/../lib/gcc/tricore/4.9.4/tc162\libgcc.a(_pack_sf.o)
[...]
Memory Configuration

Name             Origin             Length             Used               Free               Attributes
dsram1_local     0x00000000d0000000 0x0000000000030000         0x0000000000000004         0x000000000002fffc w !xp
dsram1           0x0000000060000000 0x0000000000030000         0x0000000000000000         0x0000000000030000 w !xp
psram1           0x0000000060100000 0x0000000000008000         0x0000000000000000         0x0000000000008000 w !xp
dsram0_local     0x00000000d0000000 0x0000000000030000         0x0000000000000000         0x0000000000030000 w !xp
dsram0           0x0000000070000000 0x0000000000030000         0x0000000000004610         0x000000000002b9f0 w !xp
psram0           0x0000000070100000 0x0000000000008000         0x0000000000000000         0x0000000000008000 w !xp
psram_local      0x00000000c0000000 0x0000000000008000         0x0000000000000000         0x0000000000008000 w !xp
pfls0            0x0000000080000000 0x0000000000200000         0x0000000000019ef0         0x00000000001e6110 xr !p
pfls0_nc         0x00000000a0000000 0x0000000000200000         0x0000000000019ef0         0x00000000001e6110 xr !p
pfls1            0x0000000080300000 0x0000000000200000         0x00000000000002ae         0x00000000001ffd52 xr !p
pfls1_nc         0x00000000a0300000 0x0000000000200000         0x00000000000002ae         0x00000000001ffd52 xr !p
dfls0            0x00000000af000000 0x0000000000020000         0x0000000000000000         0x0000000000020000 xr !p
ucb              0x00000000af400000 0x0000000000006000         0x00000000000017f4         0x000000000000480c xr !p
cpu0_dlmu        0x0000000090000000 0x0000000000010000         0x0000000000000000         0x0000000000010000 w !xp
cpu0_dlmu_nc     0x00000000b0000000 0x0000000000010000         0x0000000000000000         0x0000000000010000 w !xp
cpu1_dlmu        0x0000000090010000 0x0000000000010000         0x0000000000000000         0x0000000000010000 w !xp
cpu1_dlmu_nc     0x00000000b0010000 0x0000000000010000         0x0000000000000000         0x0000000000010000 w !xp
*default*        0x0000000000000000 0xffffffffffffffff         0x000000000003711e         0xfffffffffffc8ee1

List of aliases

dsram0          : default_ram
pfls0           : default_rom

Memory region maps:

CORE     Local Region   Global Region
CPU1     0xd0000000     0x60000000
CPU0     0xd0000000     0x70000000


Region Mirrors:


pfls0           :
                pfls0 pfls0_nc 
pfls0_nc        :
                pfls0 pfls0_nc 
pfls1           :
                pfls1 pfls1_nc 
pfls1_nc        :
                pfls1 pfls1_nc 
cpu0_dlmu       :
                cpu0_dlmu cpu0_dlmu_nc 
cpu0_dlmu_nc    :
                cpu0_dlmu cpu0_dlmu_nc 
cpu1_dlmu       :
                cpu1_dlmu cpu1_dlmu_nc 
cpu1_dlmu_nc    :
                cpu1_dlmu cpu1_dlmu_nc 
Linker script and memory map

LOAD c:/hightec/toolchains/tricore/v4.9.3.0/bin/../lib/gcc/tricore/4.9.4/tc162/crti.o
LOAD c:/hightec/toolchains/tricore/v4.9.3.0/bin/../lib/gcc/tricore/4.9.4/tc162/crtbegin.o
LOAD deps/core/CMakeFiles/Os.dir/Os/Os.o
LOAD deps/core/CMakeFiles/Os.dir/__/__/config/Os_Cfg.o
LOAD deps/dal/tc36x/CMakeFiles/CStart.dir/Libraries/Infra/Ssw/TC36A/Tricore/Ifx_Ssw_Tc0.o
LOAD deps/dal/tc36x/CMakeFiles/CStart.dir/Libraries/Infra/Ssw/TC36A/Tricore/Ifx_Ssw_Tc1.o
LOAD deps/dal/tc36x/CMakeFiles/CStart.dir/Libraries/Infra/Ssw/TC36A/Tricore/Ifx_Ssw_Infra.o
LOAD deps/dal/tc36x/CMakeFiles/CStart.dir/Configurations/Ifx_Cfg_Ssw.o
LOAD deps/dal/tc36x/CMakeFiles/CStart.dir/Configurations/Ifx_Cfg_SswBmhd.o
LOAD deps/dal/tc36x/CMakeFiles/CStart.dir/Libraries/iLLD/TC36A/Tricore/Cpu/Std/IfxCpu.o
LOAD deps/dal/tc36x/CMakeFiles/CStart.dir/Libraries/iLLD/TC36A/Tricore/Scu/Std/IfxScuWdt.o
LOAD deps/dal/tc36x/CMakeFiles/CStart.dir/Libraries/iLLD/TC36A/Tricore/_Impl/IfxCpu_cfg.o
LOAD deps/dal/tc36x/CMakeFiles/CStart.dir/Libraries/iLLD/TC36A/Tricore/Pms/Std/IfxPmsPm.o
LOAD deps/dal/tc36x/CMakeFiles/CStart.dir/Libraries/iLLD/TC36A/Tricore/Scu/Std/IfxScuCcu.o
LOAD deps/dal/tc36x/CMakeFiles/CStart.dir/Libraries/iLLD/TC36A/Tricore/Pms/Std/IfxPmsEvr.o
LOAD CMakeFiles/testProject.dir/src/Cpu0_Main_tc365.o
LOAD CMakeFiles/testProject.dir/src/Cpu1_Main_tc365.o
LOAD deps/core/Os/FreeRTOS/CMakeFiles/FreeRTOS.dir/./croutine.o
LOAD deps/core/Os/FreeRTOS/CMakeFiles/FreeRTOS.dir/./event_groups.o
LOAD deps/core/Os/FreeRTOS/CMakeFiles/FreeRTOS.dir/./list.o
LOAD deps/core/Os/FreeRTOS/CMakeFiles/FreeRTOS.dir/./queue.o
LOAD deps/core/Os/FreeRTOS/CMakeFiles/FreeRTOS.dir/./stream_buffer.o
LOAD deps/core/Os/FreeRTOS/CMakeFiles/FreeRTOS.dir/./tasks.o
LOAD deps/core/Os/FreeRTOS/CMakeFiles/FreeRTOS.dir/./timers.o
LOAD deps/core/Os/FreeRTOS/CMakeFiles/FreeRTOS.dir/./portable/GCC/tricore_tc36x/port.o
LOAD deps/core/Os/FreeRTOS/CMakeFiles/FreeRTOS.dir/./__/__/__/dal/tc36x/Libraries/iLLD/TC36A/Tricore/Stm/Timer/IfxStm_Timer.o
LOAD deps/core/Os/FreeRTOS/CMakeFiles/FreeRTOS.dir/./__/__/__/dal/tc36x/Libraries/iLLD/TC36A/Tricore/Stm/Std/IfxStm.o
LOAD deps/core/Os/FreeRTOS/CMakeFiles/FreeRTOS.dir/./__/__/__/dal/tc36x/Libraries/iLLD/TC36A/Tricore/_Impl/IfxStm_cfg.o
LOAD deps/core/Os/FreeRTOS/CMakeFiles/FreeRTOS.dir/./__/__/__/dal/tc36x/Libraries/Service/CpuGeneric/StdIf/IfxStdIf_Timer.o
LOAD deps/core/Os/FreeRTOS/CMakeFiles/FreeRTOS.dir/./__/__/__/dal/tc36x/Libraries/iLLD/TC36A/Tricore/Cpu/Trap/IfxCpu_Trap.o
LOAD deps/core/Os/FreeRTOS/CMakeFiles/FreeRTOS.dir/./__/__/__/dal/tc36x/Libraries/iLLD/TC36A/Tricore/Cpu/Irq/IfxCpu_Irq.o
LOAD c:/hightec/toolchains/tricore/v4.9.3.0/bin/../lib/gcc/tricore/4.9.4/tc162\libgcc.a
LOAD c:/hightec/toolchains/tricore/v4.9.3.0/bin/../lib/gcc/tricore/4.9.4/../../../../tricore/lib/tc162\libdnk_c.a
LOAD c:/hightec/toolchains/tricore/v4.9.3.0/bin/../lib/gcc/tricore/4.9.4/../../../../tricore/lib/tc162\libos.a
LOAD c:/hightec/toolchains/tricore/v4.9.3.0/bin/../lib/gcc/tricore/4.9.4/../../../../tricore/lib/tc162\libdnk_c.a
LOAD c:/hightec/toolchains/tricore/v4.9.3.0/bin/../lib/gcc/tricore/4.9.4/tc162\libgcc.a
LOAD c:/hightec/toolchains/tricore/v4.9.3.0/bin/../lib/gcc/tricore/4.9.4/tc162/crtend.o
LOAD c:/hightec/toolchains/tricore/v4.9.3.0/bin/../lib/gcc/tricore/4.9.4/tc162/crtn.o
                0x0000000000000360                __TRICORE_DERIVATE_MEMORY_MAP__ = 0x360
                0x0000000000002000                LCF_CSA0_SIZE = 0x2000
                0x0000000000000800                LCF_USTACK0_SIZE = 0x800
                0x0000000000000400                LCF_ISTACK0_SIZE = 0x400
                0x0000000000002000                LCF_CSA1_SIZE = 0x2000
                0x0000000000000800                LCF_USTACK1_SIZE = 0x800
                0x0000000000000400                LCF_ISTACK1_SIZE = 0x400
                0x0000000000001000                LCF_HEAP_SIZE = 0x1000
                0x0000000060000000                LCF_DSPR1_START = 0x60000000
                0x0000000000030000                LCF_DSPR1_SIZE = 0x30000
                0x0000000070000000                LCF_DSPR0_START = 0x70000000
                0x0000000000030000                LCF_DSPR0_SIZE = 0x30000
                0x000000000002dc00                LCF_CSA1_OFFSET = ((LCF_DSPR1_SIZE - 0x400) - LCF_CSA1_SIZE)
                0x000000000002d700                LCF_ISTACK1_OFFSET = ((LCF_CSA1_OFFSET - 0x100) - LCF_ISTACK1_SIZE)
                0x000000000002ce00                LCF_USTACK1_OFFSET = ((LCF_ISTACK1_OFFSET - 0x100) - LCF_USTACK1_SIZE)
                0x000000000002dc00                LCF_CSA0_OFFSET = ((LCF_DSPR0_SIZE - 0x400) - LCF_CSA0_SIZE)
                0x000000000002d700                LCF_ISTACK0_OFFSET = ((LCF_CSA0_OFFSET - 0x100) - LCF_ISTACK0_SIZE)
                0x000000000002ce00                LCF_USTACK0_OFFSET = ((LCF_ISTACK0_OFFSET - 0x100) - LCF_USTACK0_SIZE)
                0x000000000002be00                LCF_HEAP0_OFFSET = (LCF_USTACK0_OFFSET - LCF_HEAP_SIZE)
                0x000000000002be00                LCF_HEAP1_OFFSET = (LCF_USTACK1_OFFSET - LCF_HEAP_SIZE)
                0x00000000801fe000                LCF_INTVEC0_START = 0x801fe000
                0x00000000804fe000                LCF_INTVEC1_START = 0x804fe000
                0x00000000801fe000                __INTTAB_CPU0 = LCF_INTVEC0_START
                0x00000000804fe000                __INTTAB_CPU1 = LCF_INTVEC1_START
                0x0000000080000100                LCF_TRAPVEC0_START = 0x80000100
                0x0000000080300000                LCF_TRAPVEC1_START = 0x80300000
                0x0000000080000000                LCF_STARTPTR_CPU0 = 0x80000000
                0x0000000080300100                LCF_STARTPTR_CPU1 = 0x80300100
                0x00000000a0000000                LCF_STARTPTR_NC_CPU0 = 0xa0000000
                0x00000000a0300100                LCF_STARTPTR_NC_CPU1 = 0xa0300100
                0x00000000a0000000                RESET = LCF_STARTPTR_NC_CPU0

.CPU1.ustack    memory region -> *default*
                0x000000006002ce00      0x800
                0x000000006002ce00                PROVIDE (__USTACK1_END, .)
                0x000000006002d600                . = (. + LCF_USTACK1_SIZE)
 *fill*         0x000000006002ce00      0x800 00
                0x000000006002d600                PROVIDE (__USTACK1, .)

.CPU1.istack    memory region -> *default*
                0x000000006002d700      0x400
                0x000000006002d700                PROVIDE (__ISTACK1_END, .)
                0x000000006002db00                . = (. + LCF_ISTACK1_SIZE)
 *fill*         0x000000006002d700      0x400 00
                0x000000006002db00                PROVIDE (__ISTACK1, .)

.CPU1.csa       memory region -> *default*
                0x000000006002dc00     0x2000
                0x000000006002dc00                PROVIDE (__CSA1, .)
                0x000000006002fc00                . = (. + LCF_CSA1_SIZE)
 *fill*         0x000000006002dc00     0x2000 00
                0x000000006002fc00                PROVIDE (__CSA1_END, .)

.CPU0.ustack    memory region -> *default*
                0x000000007002ce00      0x800
                0x000000007002ce00                PROVIDE (__USTACK0_END, .)
                0x000000007002d600                . = (. + LCF_USTACK0_SIZE)
 *fill*         0x000000007002ce00      0x800 00
                0x000000007002d600                PROVIDE (__USTACK0, .)

.CPU0.istack    memory region -> *default*
                0x000000007002d700      0x400
                0x000000007002d700                PROVIDE (__ISTACK0_END, .)
                0x000000007002db00                . = (. + LCF_ISTACK0_SIZE)
 *fill*         0x000000007002d700      0x400 00
                0x000000007002db00                PROVIDE (__ISTACK0, .)

.CPU0.csa       memory region -> *default*
                0x000000007002dc00     0x2000
                0x000000007002dc00                PROVIDE (__CSA0, .)
                0x000000007002fc00                . = (. + LCF_CSA0_SIZE)
 *fill*         0x000000007002dc00     0x2000 00
                0x000000007002fc00                PROVIDE (__CSA0_END, .)

.start_tc0      memory region -> pfls0_nc
                0x00000000a0000000        0xc
 *(.start)
 .start         0x00000000a0000000        0xc deps/dal/tc36x/CMakeFiles/CStart.dir/Libraries/Infra/Ssw/TC36A/Tricore/Ifx_Ssw_Tc0.o
                0x00000000a0000000                _START

.interface_const memory region -> pfls0
                0x0000000080000020        0x0
                0x0000000080000020                __IF_CONST = .
 *(.interface_const)
                0x00000000a0000000                PROVIDE (__START0, LCF_STARTPTR_NC_CPU0)
                0x0000000000000000                PROVIDE (__ENABLE_INDIVIDUAL_C_INIT_CPU0, 0x0)
                0x0000000000000000                PROVIDE (__ENABLE_INDIVIDUAL_C_INIT_CPU1, 0x0)

.traptab_tc0    memory region -> pfls0
                0x0000000080000100      0x100
                0x0000000080000100                PROVIDE (__TRAPTAB_CPU0, .)
 *(.traptab_cpu0)
 .traptab_cpu0  0x0000000080000100      0x100 deps/core/Os/FreeRTOS/CMakeFiles/FreeRTOS.dir/./__/__/__/dal/tc36x/Libraries/iLLD/TC36A/Tricore/Cpu/Trap/IfxCpu_Trap.o
                0x0000000080000100                IfxCpu_Trap_vectorTable0

.traptab_tc1    memory region -> pfls1
                0x0000000080300000      0x100
                0x0000000080300000                PROVIDE (__TRAPTAB_CPU1, .)
 *(.traptab_cpu1)
 .traptab_cpu1  0x0000000080300000      0x100 deps/core/Os/FreeRTOS/CMakeFiles/FreeRTOS.dir/./__/__/__/dal/tc36x/Libraries/iLLD/TC36A/Tricore/Cpu/Trap/IfxCpu_Trap.o
                0x0000000080300000                IfxCpu_Trap_vectorTable1

.start_tc1      memory region -> pfls1_nc
                0x00000000a0300100        0xc
 *(.start_cpu1)
 .start_cpu1    0x00000000a0300100        0xc deps/dal/tc36x/CMakeFiles/CStart.dir/Libraries/Infra/Ssw/TC36A/Tricore/Ifx_Ssw_Tc1.o
                0x00000000a0300100                _START1
                0x00000000a0300100                PROVIDE (__START1, LCF_STARTPTR_NC_CPU1)

.inttab_tc0_000 memory region -> *default*
                0x00000000801fe000        0x0
                0x00000000801fe000                . = ALIGN (0x8)
 *(.intvec_tc0_0)

.inttab_tc0_001 memory region -> *default*
                0x00000000801fe020        0xe
                0x00000000801fe020                . = ALIGN (0x8)
 *(.intvec_tc0_1)
 .intvec_tc0_1  0x00000000801fe020        0xe deps/core/Os/FreeRTOS/CMakeFiles/FreeRTOS.dir/./portable/GCC/tricore_tc36x/port.o

.inttab_tc0_002 memory region -> *default*
                0x00000000801fe040        0xe
                0x00000000801fe040                . = ALIGN (0x8)
 *(.intvec_tc0_2)
 .intvec_tc0_2  0x00000000801fe040        0xe deps/core/Os/FreeRTOS/CMakeFiles/FreeRTOS.dir/./portable/GCC/tricore_tc36x/port.o

.inttab_tc0_003 memory region -> *default*
                0x00000000801fe060        0xe
                0x00000000801fe060                . = ALIGN (0x8)
 *(.intvec_tc0_3)
 .intvec_tc0_3  0x00000000801fe060        0xe deps/core/Os/FreeRTOS/CMakeFiles/FreeRTOS.dir/./portable/GCC/tricore_tc36x/port.o

.inttab_tc0_004 memory region -> *default*
                0x00000000801fe080        0x0
                0x00000000801fe080                . = ALIGN (0x8)
 *(.intvec_tc0_4)

.inttab_tc0_005 memory region -> *default*
                0x00000000801fe0a0        0x0
                0x00000000801fe0a0                . = ALIGN (0x8)
 *(.intvec_tc0_5)

.inttab_tc0_006 memory region -> *default*
                0x00000000801fe0c0        0x0
                0x00000000801fe0c0                . = ALIGN (0x8)
 *(.intvec_tc0_6)

.inttab_tc0_007 memory region -> *default*
                0x00000000801fe0e0        0x0
                0x00000000801fe0e0                . = ALIGN (0x8)
 *(.intvec_tc0_7)

.inttab_tc0_008 memory region -> *default*
                0x00000000801fe100        0x0
                0x00000000801fe100                . = ALIGN (0x8)
 *(.intvec_tc0_8)

.inttab_tc0_009 memory region -> *default*
                0x00000000801fe120        0x0
                0x00000000801fe120                . = ALIGN (0x8)
 *(.intvec_tc0_9)

.inttab_tc0_00A memory region -> *default*
                0x00000000801fe140        0x0
                0x00000000801fe140                . = ALIGN (0x8)
 *(.intvec_tc0_10)

.inttab_tc0_00B memory region -> *default*
                0x00000000801fe160        0x0
                0x00000000801fe160                . = ALIGN (0x8)
 *(.intvec_tc0_11)

.inttab_tc0_00C memory region -> *default*
                0x00000000801fe180        0x0
                0x00000000801fe180                . = ALIGN (0x8)
 *(.intvec_tc0_12)

.inttab_tc0_00D memory region -> *default*
                0x00000000801fe1a0        0x0
                0x00000000801fe1a0                . = ALIGN (0x8)
 *(.intvec_tc0_13)

.inttab_tc0_00E memory region -> *default*
                0x00000000801fe1c0        0x0
                0x00000000801fe1c0                . = ALIGN (0x8)
 *(.intvec_tc0_14)

.inttab_tc0_00F memory region -> *default*
                0x00000000801fe1e0        0x0
                0x00000000801fe1e0                . = ALIGN (0x8)
 *(.intvec_tc0_15)

.inttab_tc0_010 memory region -> *default*
                0x00000000801fe200        0x0
                0x00000000801fe200                . = ALIGN (0x8)
 *(.intvec_tc0_16)

.inttab_tc0_011 memory region -> *default*
                0x00000000801fe220        0x0
                0x00000000801fe220                . = ALIGN (0x8)
 *(.intvec_tc0_17)

.inttab_tc0_012 memory region -> *default*
                0x00000000801fe240        0x0
                0x00000000801fe240                . = ALIGN (0x8)
 *(.intvec_tc0_18)

.inttab_tc0_013 memory region -> *default*
                0x00000000801fe260        0x0
                0x00000000801fe260                . = ALIGN (0x8)
 *(.intvec_tc0_19)

.inttab_tc0_014 memory region -> *default*
                0x00000000801fe280        0x0
                0x00000000801fe280                . = ALIGN (0x8)
 *(.intvec_tc0_20)

.inttab_tc0_015 memory region -> *default*
                0x00000000801fe2a0        0x0
                0x00000000801fe2a0                . = ALIGN (0x8)
 *(.intvec_tc0_21)

.inttab_tc0_016 memory region -> *default*
                0x00000000801fe2c0        0x0
                0x00000000801fe2c0                . = ALIGN (0x8)
 *(.intvec_tc0_22)

.inttab_tc0_017 memory region -> *default*
                0x00000000801fe2e0        0x0
                0x00000000801fe2e0                . = ALIGN (0x8)
 *(.intvec_tc0_23)

.inttab_tc0_018 memory region -> *default*
                0x00000000801fe300        0x0
                0x00000000801fe300                . = ALIGN (0x8)
 *(.intvec_tc0_24)

.inttab_tc0_019 memory region -> *default*
                0x00000000801fe320        0x0
                0x00000000801fe320                . = ALIGN (0x8)
 *(.intvec_tc0_25)

.inttab_tc0_01A memory region -> *default*
                0x00000000801fe340        0x0
                0x00000000801fe340                . = ALIGN (0x8)
 *(.intvec_tc0_26)

.inttab_tc0_01B memory region -> *default*
                0x00000000801fe360        0x0
                0x00000000801fe360                . = ALIGN (0x8)
 *(.intvec_tc0_27)

.inttab_tc0_01C memory region -> *default*
                0x00000000801fe380        0x0
                0x00000000801fe380                . = ALIGN (0x8)
 *(.intvec_tc0_28)

.inttab_tc0_01D memory region -> *default*
                0x00000000801fe3a0        0x0
                0x00000000801fe3a0                . = ALIGN (0x8)
 *(.intvec_tc0_29)

.inttab_tc0_01E memory region -> *default*
                0x00000000801fe3c0        0x0
                0x00000000801fe3c0                . = ALIGN (0x8)
 *(.intvec_tc0_30)

.inttab_tc0_01F memory region -> *default*
                0x00000000801fe3e0        0x0
                0x00000000801fe3e0                . = ALIGN (0x8)
 *(.intvec_tc0_31)

.inttab_tc0_020 memory region -> *default*
                0x00000000801fe400        0x0
                0x00000000801fe400                . = ALIGN (0x8)
 *(.intvec_tc0_32)

.inttab_tc0_021 memory region -> *default*
                0x00000000801fe420        0x0
                0x00000000801fe420                . = ALIGN (0x8)
 *(.intvec_tc0_33)

.inttab_tc0_022 memory region -> *default*
                0x00000000801fe440        0x0
                0x00000000801fe440                . = ALIGN (0x8)
 *(.intvec_tc0_34)

.inttab_tc0_023 memory region -> *default*
                0x00000000801fe460        0x0
                0x00000000801fe460                . = ALIGN (0x8)
 *(.intvec_tc0_35)

.inttab_tc0_024 memory region -> *default*
                0x00000000801fe480        0x0
                0x00000000801fe480                . = ALIGN (0x8)
 *(.intvec_tc0_36)

.inttab_tc0_025 memory region -> *default*
                0x00000000801fe4a0        0x0
                0x00000000801fe4a0                . = ALIGN (0x8)
 *(.intvec_tc0_37)

.inttab_tc0_026 memory region -> *default*
                0x00000000801fe4c0        0x0
                0x00000000801fe4c0                . = ALIGN (0x8)
 *(.intvec_tc0_38)

.inttab_tc0_027 memory region -> *default*
                0x00000000801fe4e0        0x0
                0x00000000801fe4e0                . = ALIGN (0x8)
 *(.intvec_tc0_39)

.inttab_tc0_028 memory region -> *default*
                0x00000000801fe500        0x0
                0x00000000801fe500                . = ALIGN (0x8)
 *(.intvec_tc0_40)

.inttab_tc0_029 memory region -> *default*
                0x00000000801fe520        0x0
                0x00000000801fe520                . = ALIGN (0x8)
 *(.intvec_tc0_41)

.inttab_tc0_02A memory region -> *default*
                0x00000000801fe540        0x0
                0x00000000801fe540                . = ALIGN (0x8)
 *(.intvec_tc0_42)

.inttab_tc0_02B memory region -> *default*
                0x00000000801fe560        0x0
                0x00000000801fe560                . = ALIGN (0x8)
 *(.intvec_tc0_43)

.inttab_tc0_02C memory region -> *default*
                0x00000000801fe580        0x0
                0x00000000801fe580                . = ALIGN (0x8)
 *(.intvec_tc0_44)

.inttab_tc0_02D memory region -> *default*
                0x00000000801fe5a0        0x0
                0x00000000801fe5a0                . = ALIGN (0x8)
 *(.intvec_tc0_45)

.inttab_tc0_02E memory region -> *default*
                0x00000000801fe5c0        0x0
                0x00000000801fe5c0                . = ALIGN (0x8)
 *(.intvec_tc0_46)

.inttab_tc0_02F memory region -> *default*
                0x00000000801fe5e0        0x0
                0x00000000801fe5e0                . = ALIGN (0x8)
 *(.intvec_tc0_47)

.inttab_tc0_030 memory region -> *default*
                0x00000000801fe600        0x0
                0x00000000801fe600                . = ALIGN (0x8)
 *(.intvec_tc0_48)

.inttab_tc0_031 memory region -> *default*
                0x00000000801fe620        0x0
                0x00000000801fe620                . = ALIGN (0x8)
 *(.intvec_tc0_49)

.inttab_tc0_032 memory region -> *default*
                0x00000000801fe640        0x0
                0x00000000801fe640                . = ALIGN (0x8)
 *(.intvec_tc0_50)

.inttab_tc0_033 memory region -> *default*
                0x00000000801fe660        0x0
                0x00000000801fe660                . = ALIGN (0x8)
 *(.intvec_tc0_51)

.inttab_tc0_034 memory region -> *default*
                0x00000000801fe680        0x0
                0x00000000801fe680                . = ALIGN (0x8)
 *(.intvec_tc0_52)

.inttab_tc0_035 memory region -> *default*
                0x00000000801fe6a0        0x0
                0x00000000801fe6a0                . = ALIGN (0x8)
 *(.intvec_tc0_53)

.inttab_tc0_036 memory region -> *default*
                0x00000000801fe6c0        0x0
                0x00000000801fe6c0                . = ALIGN (0x8)
 *(.intvec_tc0_54)

.inttab_tc0_037 memory region -> *default*
                0x00000000801fe6e0        0x0
                0x00000000801fe6e0                . = ALIGN (0x8)
 *(.intvec_tc0_55)

.inttab_tc0_038 memory region -> *default*
                0x00000000801fe700        0x0
                0x00000000801fe700                . = ALIGN (0x8)
 *(.intvec_tc0_56)

.inttab_tc0_039 memory region -> *default*
                0x00000000801fe720        0x0
                0x00000000801fe720                . = ALIGN (0x8)
 *(.intvec_tc0_57)

.inttab_tc0_03A memory region -> *default*
                0x00000000801fe740        0x0
                0x00000000801fe740                . = ALIGN (0x8)
 *(.intvec_tc0_58)

.inttab_tc0_03B memory region -> *default*
                0x00000000801fe760        0x0
                0x00000000801fe760                . = ALIGN (0x8)
 *(.intvec_tc0_59)

.inttab_tc0_03C memory region -> *default*
                0x00000000801fe780        0x0
                0x00000000801fe780                . = ALIGN (0x8)
 *(.intvec_tc0_60)

.inttab_tc0_03D memory region -> *default*
                0x00000000801fe7a0        0x0
                0x00000000801fe7a0                . = ALIGN (0x8)
 *(.intvec_tc0_61)

.inttab_tc0_03E memory region -> *default*
                0x00000000801fe7c0        0x0
                0x00000000801fe7c0                . = ALIGN (0x8)
 *(.intvec_tc0_62)

.inttab_tc0_03F memory region -> *default*
                0x00000000801fe7e0        0x0
                0x00000000801fe7e0                . = ALIGN (0x8)
 *(.intvec_tc0_63)

.inttab_tc0_040 memory region -> *default*
                0x00000000801fe800        0x0
                0x00000000801fe800                . = ALIGN (0x8)
 *(.intvec_tc0_64)

.inttab_tc0_041 memory region -> *default*
                0x00000000801fe820        0x0
                0x00000000801fe820                . = ALIGN (0x8)
 *(.intvec_tc0_65)

.inttab_tc0_042 memory region -> *default*
                0x00000000801fe840        0x0
                0x00000000801fe840                . = ALIGN (0x8)
 *(.intvec_tc0_66)

.inttab_tc0_043 memory region -> *default*
                0x00000000801fe860        0x0
                0x00000000801fe860                . = ALIGN (0x8)
 *(.intvec_tc0_67)

.inttab_tc0_044 memory region -> *default*
                0x00000000801fe880        0x0
                0x00000000801fe880                . = ALIGN (0x8)
 *(.intvec_tc0_68)

.inttab_tc0_045 memory region -> *default*
                0x00000000801fe8a0        0x0
                0x00000000801fe8a0                . = ALIGN (0x8)
 *(.intvec_tc0_69)

.inttab_tc0_046 memory region -> *default*
                0x00000000801fe8c0        0x0
                0x00000000801fe8c0                . = ALIGN (0x8)
 *(.intvec_tc0_70)

.inttab_tc0_047 memory region -> *default*
                0x00000000801fe8e0        0x0
                0x00000000801fe8e0                . = ALIGN (0x8)
 *(.intvec_tc0_71)

.inttab_tc0_048 memory region -> *default*
                0x00000000801fe900        0x0
                0x00000000801fe900                . = ALIGN (0x8)
 *(.intvec_tc0_72)

.inttab_tc0_049 memory region -> *default*
                0x00000000801fe920        0x0
                0x00000000801fe920                . = ALIGN (0x8)
 *(.intvec_tc0_73)

.inttab_tc0_04A memory region -> *default*
                0x00000000801fe940        0x0
                0x00000000801fe940                . = ALIGN (0x8)
 *(.intvec_tc0_74)

.inttab_tc0_04B memory region -> *default*
                0x00000000801fe960        0x0
                0x00000000801fe960                . = ALIGN (0x8)
 *(.intvec_tc0_75)

.inttab_tc0_04C memory region -> *default*
                0x00000000801fe980        0x0
                0x00000000801fe980                . = ALIGN (0x8)
 *(.intvec_tc0_76)

.inttab_tc0_04D memory region -> *default*
                0x00000000801fe9a0        0x0
                0x00000000801fe9a0                . = ALIGN (0x8)
 *(.intvec_tc0_77)

.inttab_tc0_04E memory region -> *default*
                0x00000000801fe9c0        0x0
                0x00000000801fe9c0                . = ALIGN (0x8)
 *(.intvec_tc0_78)

.inttab_tc0_04F memory region -> *default*
                0x00000000801fe9e0        0x0
                0x00000000801fe9e0                . = ALIGN (0x8)
 *(.intvec_tc0_79)

.inttab_tc0_050 memory region -> *default*
                0x00000000801fea00        0x0
                0x00000000801fea00                . = ALIGN (0x8)
 *(.intvec_tc0_80)

.inttab_tc0_051 memory region -> *default*
                0x00000000801fea20        0x0
                0x00000000801fea20                . = ALIGN (0x8)
 *(.intvec_tc0_81)

.inttab_tc0_052 memory region -> *default*
                0x00000000801fea40        0x0
                0x00000000801fea40                . = ALIGN (0x8)
 *(.intvec_tc0_82)

.inttab_tc0_053 memory region -> *default*
                0x00000000801fea60        0x0
                0x00000000801fea60                . = ALIGN (0x8)
 *(.intvec_tc0_83)

.inttab_tc0_054 memory region -> *default*
                0x00000000801fea80        0x0
                0x00000000801fea80                . = ALIGN (0x8)
 *(.intvec_tc0_84)

.inttab_tc0_055 memory region -> *default*
                0x00000000801feaa0        0x0
                0x00000000801feaa0                . = ALIGN (0x8)
 *(.intvec_tc0_85)

.inttab_tc0_056 memory region -> *default*
                0x00000000801feac0        0x0
                0x00000000801feac0                . = ALIGN (0x8)
 *(.intvec_tc0_86)

.inttab_tc0_057 memory region -> *default*
                0x00000000801feae0        0x0
                0x00000000801feae0                . = ALIGN (0x8)
 *(.intvec_tc0_87)

.inttab_tc0_058 memory region -> *default*
                0x00000000801feb00        0x0
                0x00000000801feb00                . = ALIGN (0x8)
 *(.intvec_tc0_88)

.inttab_tc0_059 memory region -> *default*
                0x00000000801feb20        0x0
                0x00000000801feb20                . = ALIGN (0x8)
 *(.intvec_tc0_89)

.inttab_tc0_05A memory region -> *default*
                0x00000000801feb40        0x0
                0x00000000801feb40                . = ALIGN (0x8)
 *(.intvec_tc0_90)

.inttab_tc0_05B memory region -> *default*
                0x00000000801feb60        0x0
                0x00000000801feb60                . = ALIGN (0x8)
 *(.intvec_tc0_91)

.inttab_tc0_05C memory region -> *default*
                0x00000000801feb80        0x0
                0x00000000801feb80                . = ALIGN (0x8)
 *(.intvec_tc0_92)

.inttab_tc0_05D memory region -> *default*
                0x00000000801feba0        0x0
                0x00000000801feba0                . = ALIGN (0x8)
 *(.intvec_tc0_93)

.inttab_tc0_05E memory region -> *default*
                0x00000000801febc0        0x0
                0x00000000801febc0                . = ALIGN (0x8)
 *(.intvec_tc0_94)

.inttab_tc0_05F memory region -> *default*
                0x00000000801febe0        0x0
                0x00000000801febe0                . = ALIGN (0x8)
 *(.intvec_tc0_95)

.inttab_tc0_060 memory region -> *default*
                0x00000000801fec00        0x0
                0x00000000801fec00                . = ALIGN (0x8)
 *(.intvec_tc0_96)

.inttab_tc0_061 memory region -> *default*
                0x00000000801fec20        0x0
                0x00000000801fec20                . = ALIGN (0x8)
 *(.intvec_tc0_97)

.inttab_tc0_062 memory region -> *default*
                0x00000000801fec40        0x0
                0x00000000801fec40                . = ALIGN (0x8)
 *(.intvec_tc0_98)

.inttab_tc0_063 memory region -> *default*
                0x00000000801fec60        0x0
                0x00000000801fec60                . = ALIGN (0x8)
 *(.intvec_tc0_99)

.inttab_tc0_064 memory region -> *default*
                0x00000000801fec80        0x0
                0x00000000801fec80                . = ALIGN (0x8)
 *(.intvec_tc0_100)

.inttab_tc0_065 memory region -> *default*
                0x00000000801feca0        0x0
                0x00000000801feca0                . = ALIGN (0x8)
 *(.intvec_tc0_101)

.inttab_tc0_066 memory region -> *default*
                0x00000000801fecc0        0x0
                0x00000000801fecc0                . = ALIGN (0x8)
 *(.intvec_tc0_102)

.inttab_tc0_067 memory region -> *default*
                0x00000000801fece0        0x0
                0x00000000801fece0                . = ALIGN (0x8)
 *(.intvec_tc0_103)

.inttab_tc0_068 memory region -> *default*
                0x00000000801fed00        0x0
                0x00000000801fed00                . = ALIGN (0x8)
 *(.intvec_tc0_104)

.inttab_tc0_069 memory region -> *default*
                0x00000000801fed20        0x0
                0x00000000801fed20                . = ALIGN (0x8)
 *(.intvec_tc0_105)

.inttab_tc0_06A memory region -> *default*
                0x00000000801fed40        0x0
                0x00000000801fed40                . = ALIGN (0x8)
 *(.intvec_tc0_106)

.inttab_tc0_06B memory region -> *default*
                0x00000000801fed60        0x0
                0x00000000801fed60                . = ALIGN (0x8)
 *(.intvec_tc0_107)

.inttab_tc0_06C memory region -> *default*
                0x00000000801fed80        0x0
                0x00000000801fed80                . = ALIGN (0x8)
 *(.intvec_tc0_108)

.inttab_tc0_06D memory region -> *default*
                0x00000000801feda0        0x0
                0x00000000801feda0                . = ALIGN (0x8)
 *(.intvec_tc0_109)

.inttab_tc0_06E memory region -> *default*
                0x00000000801fedc0        0x0
                0x00000000801fedc0                . = ALIGN (0x8)
 *(.intvec_tc0_110)

.inttab_tc0_06F memory region -> *default*
                0x00000000801fede0        0x0
                0x00000000801fede0                . = ALIGN (0x8)
 *(.intvec_tc0_111)

.inttab_tc0_070 memory region -> *default*
                0x00000000801fee00        0x0
                0x00000000801fee00                . = ALIGN (0x8)
 *(.intvec_tc0_112)

.inttab_tc0_071 memory region -> *default*
                0x00000000801fee20        0x0
                0x00000000801fee20                . = ALIGN (0x8)
 *(.intvec_tc0_113)

.inttab_tc0_072 memory region -> *default*
                0x00000000801fee40        0x0
                0x00000000801fee40                . = ALIGN (0x8)
 *(.intvec_tc0_114)

.inttab_tc0_073 memory region -> *default*
                0x00000000801fee60        0x0
                0x00000000801fee60                . = ALIGN (0x8)
 *(.intvec_tc0_115)

.inttab_tc0_074 memory region -> *default*
                0x00000000801fee80        0x0
                0x00000000801fee80                . = ALIGN (0x8)
 *(.intvec_tc0_116)

.inttab_tc0_075 memory region -> *default*
                0x00000000801feea0        0x0
                0x00000000801feea0                . = ALIGN (0x8)
 *(.intvec_tc0_117)

.inttab_tc0_076 memory region -> *default*
                0x00000000801feec0        0x0
                0x00000000801feec0                . = ALIGN (0x8)
 *(.intvec_tc0_118)

.inttab_tc0_077 memory region -> *default*
                0x00000000801feee0        0x0
                0x00000000801feee0                . = ALIGN (0x8)
 *(.intvec_tc0_119)

.inttab_tc0_078 memory region -> *default*
                0x00000000801fef00        0x0
                0x00000000801fef00                . = ALIGN (0x8)
 *(.intvec_tc0_120)

.inttab_tc0_079 memory region -> *default*
                0x00000000801fef20        0x0
                0x00000000801fef20                . = ALIGN (0x8)
 *(.intvec_tc0_121)

.inttab_tc0_07A memory region -> *default*
                0x00000000801fef40        0x0
                0x00000000801fef40                . = ALIGN (0x8)
 *(.intvec_tc0_122)

.inttab_tc0_07B memory region -> *default*
                0x00000000801fef60        0x0
                0x00000000801fef60                . = ALIGN (0x8)
 *(.intvec_tc0_123)

.inttab_tc0_07C memory region -> *default*
                0x00000000801fef80        0x0
                0x00000000801fef80                . = ALIGN (0x8)
 *(.intvec_tc0_124)

.inttab_tc0_07D memory region -> *default*
                0x00000000801fefa0        0x0
                0x00000000801fefa0                . = ALIGN (0x8)
 *(.intvec_tc0_125)

.inttab_tc0_07E memory region -> *default*
                0x00000000801fefc0        0x0
                0x00000000801fefc0                . = ALIGN (0x8)
 *(.intvec_tc0_126)

.inttab_tc0_07F memory region -> *default*
                0x00000000801fefe0        0x0
                0x00000000801fefe0                . = ALIGN (0x8)
 *(.intvec_tc0_127)

.inttab_tc0_080 memory region -> *default*
                0x00000000801ff000        0x0
                0x00000000801ff000                . = ALIGN (0x8)
 *(.intvec_tc0_128)

.inttab_tc0_081 memory region -> *default*
                0x00000000801ff020        0x0
                0x00000000801ff020                . = ALIGN (0x8)
 *(.intvec_tc0_129)

.inttab_tc0_082 memory region -> *default*
                0x00000000801ff040        0x0
                0x00000000801ff040                . = ALIGN (0x8)
 *(.intvec_tc0_130)

.inttab_tc0_083 memory region -> *default*
                0x00000000801ff060        0x0
                0x00000000801ff060                . = ALIGN (0x8)
 *(.intvec_tc0_131)

.inttab_tc0_084 memory region -> *default*
                0x00000000801ff080        0x0
                0x00000000801ff080                . = ALIGN (0x8)
 *(.intvec_tc0_132)

.inttab_tc0_085 memory region -> *default*
                0x00000000801ff0a0        0x0
                0x00000000801ff0a0                . = ALIGN (0x8)
 *(.intvec_tc0_133)

.inttab_tc0_086 memory region -> *default*
                0x00000000801ff0c0        0x0
                0x00000000801ff0c0                . = ALIGN (0x8)
 *(.intvec_tc0_134)

.inttab_tc0_087 memory region -> *default*
                0x00000000801ff0e0        0x0
                0x00000000801ff0e0                . = ALIGN (0x8)
 *(.intvec_tc0_135)

.inttab_tc0_088 memory region -> *default*
                0x00000000801ff100        0x0
                0x00000000801ff100                . = ALIGN (0x8)
 *(.intvec_tc0_136)

.inttab_tc0_089 memory region -> *default*
                0x00000000801ff120        0x0
                0x00000000801ff120                . = ALIGN (0x8)
 *(.intvec_tc0_137)

.inttab_tc0_08A memory region -> *default*
                0x00000000801ff140        0x0
                0x00000000801ff140                . = ALIGN (0x8)
 *(.intvec_tc0_138)

.inttab_tc0_08B memory region -> *default*
                0x00000000801ff160        0x0
                0x00000000801ff160                . = ALIGN (0x8)
 *(.intvec_tc0_139)

.inttab_tc0_08C memory region -> *default*
                0x00000000801ff180        0x0
                0x00000000801ff180                . = ALIGN (0x8)
 *(.intvec_tc0_140)

.inttab_tc0_08D memory region -> *default*
                0x00000000801ff1a0        0x0
                0x00000000801ff1a0                . = ALIGN (0x8)
 *(.intvec_tc0_141)

.inttab_tc0_08E memory region -> *default*
                0x00000000801ff1c0        0x0
                0x00000000801ff1c0                . = ALIGN (0x8)
 *(.intvec_tc0_142)

.inttab_tc0_08F memory region -> *default*
                0x00000000801ff1e0        0x0
                0x00000000801ff1e0                . = ALIGN (0x8)
 *(.intvec_tc0_143)

.inttab_tc0_090 memory region -> *default*
                0x00000000801ff200        0x0
                0x00000000801ff200                . = ALIGN (0x8)
 *(.intvec_tc0_144)

.inttab_tc0_091 memory region -> *default*
                0x00000000801ff220        0x0
                0x00000000801ff220                . = ALIGN (0x8)
 *(.intvec_tc0_145)

.inttab_tc0_092 memory region -> *default*
                0x00000000801ff240        0x0
                0x00000000801ff240                . = ALIGN (0x8)
 *(.intvec_tc0_146)

.inttab_tc0_093 memory region -> *default*
                0x00000000801ff260        0x0
                0x00000000801ff260                . = ALIGN (0x8)
 *(.intvec_tc0_147)

.inttab_tc0_094 memory region -> *default*
                0x00000000801ff280        0x0
                0x00000000801ff280                . = ALIGN (0x8)
 *(.intvec_tc0_148)

.inttab_tc0_095 memory region -> *default*
                0x00000000801ff2a0        0x0
                0x00000000801ff2a0                . = ALIGN (0x8)
 *(.intvec_tc0_149)

.inttab_tc0_096 memory region -> *default*
                0x00000000801ff2c0        0x0
                0x00000000801ff2c0                . = ALIGN (0x8)
 *(.intvec_tc0_150)

.inttab_tc0_097 memory region -> *default*
                0x00000000801ff2e0        0x0
                0x00000000801ff2e0                . = ALIGN (0x8)
 *(.intvec_tc0_151)

.inttab_tc0_098 memory region -> *default*
                0x00000000801ff300        0x0
                0x00000000801ff300                . = ALIGN (0x8)
 *(.intvec_tc0_152)

.inttab_tc0_099 memory region -> *default*
                0x00000000801ff320        0x0
                0x00000000801ff320                . = ALIGN (0x8)
 *(.intvec_tc0_153)

.inttab_tc0_09A memory region -> *default*
                0x00000000801ff340        0x0
                0x00000000801ff340                . = ALIGN (0x8)
 *(.intvec_tc0_154)

.inttab_tc0_09B memory region -> *default*
                0x00000000801ff360        0x0
                0x00000000801ff360                . = ALIGN (0x8)
 *(.intvec_tc0_155)

.inttab_tc0_09C memory region -> *default*
                0x00000000801ff380        0x0
                0x00000000801ff380                . = ALIGN (0x8)
 *(.intvec_tc0_156)

.inttab_tc0_09D memory region -> *default*
                0x00000000801ff3a0        0x0
                0x00000000801ff3a0                . = ALIGN (0x8)
 *(.intvec_tc0_157)

.inttab_tc0_09E memory region -> *default*
                0x00000000801ff3c0        0x0
                0x00000000801ff3c0                . = ALIGN (0x8)
 *(.intvec_tc0_158)

.inttab_tc0_09F memory region -> *default*
                0x00000000801ff3e0        0x0
                0x00000000801ff3e0                . = ALIGN (0x8)
 *(.intvec_tc0_159)

.inttab_tc0_0A0 memory region -> *default*
                0x00000000801ff400        0x0
                0x00000000801ff400                . = ALIGN (0x8)
 *(.intvec_tc0_160)

.inttab_tc0_0A1 memory region -> *default*
                0x00000000801ff420        0x0
                0x00000000801ff420                . = ALIGN (0x8)
 *(.intvec_tc0_161)

.inttab_tc0_0A2 memory region -> *default*
                0x00000000801ff440        0x0
                0x00000000801ff440                . = ALIGN (0x8)
 *(.intvec_tc0_162)

.inttab_tc0_0A3 memory region -> *default*
                0x00000000801ff460        0x0
                0x00000000801ff460                . = ALIGN (0x8)
 *(.intvec_tc0_163)

.inttab_tc0_0A4 memory region -> *default*
                0x00000000801ff480        0x0
                0x00000000801ff480                . = ALIGN (0x8)
 *(.intvec_tc0_164)

.inttab_tc0_0A5 memory region -> *default*
                0x00000000801ff4a0        0x0
                0x00000000801ff4a0                . = ALIGN (0x8)
 *(.intvec_tc0_165)

.inttab_tc0_0A6 memory region -> *default*
                0x00000000801ff4c0        0x0
                0x00000000801ff4c0                . = ALIGN (0x8)
 *(.intvec_tc0_166)

.inttab_tc0_0A7 memory region -> *default*
                0x00000000801ff4e0        0x0
                0x00000000801ff4e0                . = ALIGN (0x8)
 *(.intvec_tc0_167)

.inttab_tc0_0A8 memory region -> *default*
                0x00000000801ff500        0x0
                0x00000000801ff500                . = ALIGN (0x8)
 *(.intvec_tc0_168)

.inttab_tc0_0A9 memory region -> *default*
                0x00000000801ff520        0x0
                0x00000000801ff520                . = ALIGN (0x8)
 *(.intvec_tc0_169)

.inttab_tc0_0AA memory region -> *default*
                0x00000000801ff540        0x0
                0x00000000801ff540                . = ALIGN (0x8)
 *(.intvec_tc0_170)

.inttab_tc0_0AB memory region -> *default*
                0x00000000801ff560        0x0
                0x00000000801ff560                . = ALIGN (0x8)
 *(.intvec_tc0_171)

.inttab_tc0_0AC memory region -> *default*
                0x00000000801ff580        0x0
                0x00000000801ff580                . = ALIGN (0x8)
 *(.intvec_tc0_172)

.inttab_tc0_0AD memory region -> *default*
                0x00000000801ff5a0        0x0
                0x00000000801ff5a0                . = ALIGN (0x8)
 *(.intvec_tc0_173)

.inttab_tc0_0AE memory region -> *default*
                0x00000000801ff5c0        0x0
                0x00000000801ff5c0                . = ALIGN (0x8)
 *(.intvec_tc0_174)

.inttab_tc0_0AF memory region -> *default*
                0x00000000801ff5e0        0x0
                0x00000000801ff5e0                . = ALIGN (0x8)
 *(.intvec_tc0_175)

.inttab_tc0_0B0 memory region -> *default*
                0x00000000801ff600        0x0
                0x00000000801ff600                . = ALIGN (0x8)
 *(.intvec_tc0_176)

.inttab_tc0_0B1 memory region -> *default*
                0x00000000801ff620        0x0
                0x00000000801ff620                . = ALIGN (0x8)
 *(.intvec_tc0_177)

.inttab_tc0_0B2 memory region -> *default*
                0x00000000801ff640        0x0
                0x00000000801ff640                . = ALIGN (0x8)
 *(.intvec_tc0_178)

.inttab_tc0_0B3 memory region -> *default*
                0x00000000801ff660        0x0
                0x00000000801ff660                . = ALIGN (0x8)
 *(.intvec_tc0_179)

.inttab_tc0_0B4 memory region -> *default*
                0x00000000801ff680        0x0
                0x00000000801ff680                . = ALIGN (0x8)
 *(.intvec_tc0_180)

.inttab_tc0_0B5 memory region -> *default*
                0x00000000801ff6a0        0x0
                0x00000000801ff6a0                . = ALIGN (0x8)
 *(.intvec_tc0_181)

.inttab_tc0_0B6 memory region -> *default*
                0x00000000801ff6c0        0x0
                0x00000000801ff6c0                . = ALIGN (0x8)
 *(.intvec_tc0_182)

.inttab_tc0_0B7 memory region -> *default*
                0x00000000801ff6e0        0x0
                0x00000000801ff6e0                . = ALIGN (0x8)
 *(.intvec_tc0_183)

.inttab_tc0_0B8 memory region -> *default*
                0x00000000801ff700        0x0
                0x00000000801ff700                . = ALIGN (0x8)
 *(.intvec_tc0_184)

.inttab_tc0_0B9 memory region -> *default*
                0x00000000801ff720        0x0
                0x00000000801ff720                . = ALIGN (0x8)
 *(.intvec_tc0_185)

.inttab_tc0_0BA memory region -> *default*
                0x00000000801ff740        0x0
                0x00000000801ff740                . = ALIGN (0x8)
 *(.intvec_tc0_186)

.inttab_tc0_0BB memory region -> *default*
                0x00000000801ff760        0x0
                0x00000000801ff760                . = ALIGN (0x8)
 *(.intvec_tc0_187)

.inttab_tc0_0BC memory region -> *default*
                0x00000000801ff780        0x0
                0x00000000801ff780                . = ALIGN (0x8)
 *(.intvec_tc0_188)

.inttab_tc0_0BD memory region -> *default*
                0x00000000801ff7a0        0x0
                0x00000000801ff7a0                . = ALIGN (0x8)
 *(.intvec_tc0_189)

.inttab_tc0_0BE memory region -> *default*
                0x00000000801ff7c0        0x0
                0x00000000801ff7c0                . = ALIGN (0x8)
 *(.intvec_tc0_190)

.inttab_tc0_0BF memory region -> *default*
                0x00000000801ff7e0        0x0
                0x00000000801ff7e0                . = ALIGN (0x8)
 *(.intvec_tc0_191)

.inttab_tc0_0C0 memory region -> *default*
                0x00000000801ff800        0x0
                0x00000000801ff800                . = ALIGN (0x8)
 *(.intvec_tc0_192)

.inttab_tc0_0C1 memory region -> *default*
                0x00000000801ff820        0x0
                0x00000000801ff820                . = ALIGN (0x8)
 *(.intvec_tc0_193)

.inttab_tc0_0C2 memory region -> *default*
                0x00000000801ff840        0x0
                0x00000000801ff840                . = ALIGN (0x8)
 *(.intvec_tc0_194)

.inttab_tc0_0C3 memory region -> *default*
                0x00000000801ff860        0x0
                0x00000000801ff860                . = ALIGN (0x8)
 *(.intvec_tc0_195)

.inttab_tc0_0C4 memory region -> *default*
                0x00000000801ff880        0x0
                0x00000000801ff880                . = ALIGN (0x8)
 *(.intvec_tc0_196)

.inttab_tc0_0C5 memory region -> *default*
                0x00000000801ff8a0        0x0
                0x00000000801ff8a0                . = ALIGN (0x8)
 *(.intvec_tc0_197)

.inttab_tc0_0C6 memory region -> *default*
                0x00000000801ff8c0        0x0
                0x00000000801ff8c0                . = ALIGN (0x8)
 *(.intvec_tc0_198)

.inttab_tc0_0C7 memory region -> *default*
                0x00000000801ff8e0        0x0
                0x00000000801ff8e0                . = ALIGN (0x8)
 *(.intvec_tc0_199)

.inttab_tc0_0C8 memory region -> *default*
                0x00000000801ff900        0x0
                0x00000000801ff900                . = ALIGN (0x8)
 *(.intvec_tc0_200)

.inttab_tc0_0C9 memory region -> *default*
                0x00000000801ff920        0x0
                0x00000000801ff920                . = ALIGN (0x8)
 *(.intvec_tc0_201)

.inttab_tc0_0CA memory region -> *default*
                0x00000000801ff940        0x0
                0x00000000801ff940                . = ALIGN (0x8)
 *(.intvec_tc0_202)

.inttab_tc0_0CB memory region -> *default*
                0x00000000801ff960        0x0
                0x00000000801ff960                . = ALIGN (0x8)
 *(.intvec_tc0_203)

.inttab_tc0_0CC memory region -> *default*
                0x00000000801ff980        0x0
                0x00000000801ff980                . = ALIGN (0x8)
 *(.intvec_tc0_204)

.inttab_tc0_0CD memory region -> *default*
                0x00000000801ff9a0        0x0
                0x00000000801ff9a0                . = ALIGN (0x8)
 *(.intvec_tc0_205)

.inttab_tc0_0CE memory region -> *default*
                0x00000000801ff9c0        0x0
                0x00000000801ff9c0                . = ALIGN (0x8)
 *(.intvec_tc0_206)

.inttab_tc0_0CF memory region -> *default*
                0x00000000801ff9e0        0x0
                0x00000000801ff9e0                . = ALIGN (0x8)
 *(.intvec_tc0_207)

.inttab_tc0_0D0 memory region -> *default*
                0x00000000801ffa00        0x0
                0x00000000801ffa00                . = ALIGN (0x8)
 *(.intvec_tc0_208)

.inttab_tc0_0D1 memory region -> *default*
                0x00000000801ffa20        0x0
                0x00000000801ffa20                . = ALIGN (0x8)
 *(.intvec_tc0_209)

.inttab_tc0_0D2 memory region -> *default*
                0x00000000801ffa40        0x0
                0x00000000801ffa40                . = ALIGN (0x8)
 *(.intvec_tc0_210)

.inttab_tc0_0D3 memory region -> *default*
                0x00000000801ffa60        0x0
                0x00000000801ffa60                . = ALIGN (0x8)
 *(.intvec_tc0_211)

.inttab_tc0_0D4 memory region -> *default*
                0x00000000801ffa80        0x0
                0x00000000801ffa80                . = ALIGN (0x8)
 *(.intvec_tc0_212)

.inttab_tc0_0D5 memory region -> *default*
                0x00000000801ffaa0        0x0
                0x00000000801ffaa0                . = ALIGN (0x8)
 *(.intvec_tc0_213)

.inttab_tc0_0D6 memory region -> *default*
                0x00000000801ffac0        0x0
                0x00000000801ffac0                . = ALIGN (0x8)
 *(.intvec_tc0_214)

.inttab_tc0_0D7 memory region -> *default*
                0x00000000801ffae0        0x0
                0x00000000801ffae0                . = ALIGN (0x8)
 *(.intvec_tc0_215)

.inttab_tc0_0D8 memory region -> *default*
                0x00000000801ffb00        0x0
                0x00000000801ffb00                . = ALIGN (0x8)
 *(.intvec_tc0_216)

.inttab_tc0_0D9 memory region -> *default*
                0x00000000801ffb20        0x0
                0x00000000801ffb20                . = ALIGN (0x8)
 *(.intvec_tc0_217)

.inttab_tc0_0DA memory region -> *default*
                0x00000000801ffb40        0x0
                0x00000000801ffb40                . = ALIGN (0x8)
 *(.intvec_tc0_218)

.inttab_tc0_0DB memory region -> *default*
                0x00000000801ffb60        0x0
                0x00000000801ffb60                . = ALIGN (0x8)
 *(.intvec_tc0_219)

.inttab_tc0_0DC memory region -> *default*
                0x00000000801ffb80        0x0
                0x00000000801ffb80                . = ALIGN (0x8)
 *(.intvec_tc0_220)

.inttab_tc0_0DD memory region -> *default*
                0x00000000801ffba0        0x0
                0x00000000801ffba0                . = ALIGN (0x8)
 *(.intvec_tc0_221)

.inttab_tc0_0DE memory region -> *default*
                0x00000000801ffbc0        0x0
                0x00000000801ffbc0                . = ALIGN (0x8)
 *(.intvec_tc0_222)

.inttab_tc0_0DF memory region -> *default*
                0x00000000801ffbe0        0x0
                0x00000000801ffbe0                . = ALIGN (0x8)
 *(.intvec_tc0_223)

.inttab_tc0_0E0 memory region -> *default*
                0x00000000801ffc00        0x0
                0x00000000801ffc00                . = ALIGN (0x8)
 *(.intvec_tc0_224)

.inttab_tc0_0E1 memory region -> *default*
                0x00000000801ffc20        0x0
                0x00000000801ffc20                . = ALIGN (0x8)
 *(.intvec_tc0_225)

.inttab_tc0_0E2 memory region -> *default*
                0x00000000801ffc40        0x0
                0x00000000801ffc40                . = ALIGN (0x8)
 *(.intvec_tc0_226)

.inttab_tc0_0E3 memory region -> *default*
                0x00000000801ffc60        0x0
                0x00000000801ffc60                . = ALIGN (0x8)
 *(.intvec_tc0_227)

.inttab_tc0_0E4 memory region -> *default*
                0x00000000801ffc80        0x0
                0x00000000801ffc80                . = ALIGN (0x8)
 *(.intvec_tc0_228)

.inttab_tc0_0E5 memory region -> *default*
                0x00000000801ffca0        0x0
                0x00000000801ffca0                . = ALIGN (0x8)
 *(.intvec_tc0_229)

.inttab_tc0_0E6 memory region -> *default*
                0x00000000801ffcc0        0x0
                0x00000000801ffcc0                . = ALIGN (0x8)
 *(.intvec_tc0_230)

.inttab_tc0_0E7 memory region -> *default*
                0x00000000801ffce0        0x0
                0x00000000801ffce0                . = ALIGN (0x8)
 *(.intvec_tc0_231)

.inttab_tc0_0E8 memory region -> *default*
                0x00000000801ffd00        0x0
                0x00000000801ffd00                . = ALIGN (0x8)
 *(.intvec_tc0_232)

.inttab_tc0_0E9 memory region -> *default*
                0x00000000801ffd20        0x0
                0x00000000801ffd20                . = ALIGN (0x8)
 *(.intvec_tc0_233)

.inttab_tc0_0EA memory region -> *default*
                0x00000000801ffd40        0x0
                0x00000000801ffd40                . = ALIGN (0x8)
 *(.intvec_tc0_234)

.inttab_tc0_0EB memory region -> *default*
                0x00000000801ffd60        0x0
                0x00000000801ffd60                . = ALIGN (0x8)
 *(.intvec_tc0_235)

.inttab_tc0_0EC memory region -> *default*
                0x00000000801ffd80        0x0
                0x00000000801ffd80                . = ALIGN (0x8)
 *(.intvec_tc0_236)

.inttab_tc0_0ED memory region -> *default*
                0x00000000801ffda0        0x0
                0x00000000801ffda0                . = ALIGN (0x8)
 *(.intvec_tc0_237)

.inttab_tc0_0EE memory region -> *default*
                0x00000000801ffdc0        0x0
                0x00000000801ffdc0                . = ALIGN (0x8)
 *(.intvec_tc0_238)

.inttab_tc0_0EF memory region -> *default*
                0x00000000801ffde0        0x0
                0x00000000801ffde0                . = ALIGN (0x8)
 *(.intvec_tc0_239)

.inttab_tc0_0F0 memory region -> *default*
                0x00000000801ffe00        0x0
                0x00000000801ffe00                . = ALIGN (0x8)
 *(.intvec_tc0_240)

.inttab_tc0_0F1 memory region -> *default*
                0x00000000801ffe20        0x0
                0x00000000801ffe20                . = ALIGN (0x8)
 *(.intvec_tc0_241)

.inttab_tc0_0F2 memory region -> *default*
                0x00000000801ffe40        0x0
                0x00000000801ffe40                . = ALIGN (0x8)
 *(.intvec_tc0_242)

.inttab_tc0_0F3 memory region -> *default*
                0x00000000801ffe60        0x0
                0x00000000801ffe60                . = ALIGN (0x8)
 *(.intvec_tc0_243)

.inttab_tc0_0F4 memory region -> *default*
                0x00000000801ffe80        0x0
                0x00000000801ffe80                . = ALIGN (0x8)
 *(.intvec_tc0_244)

.inttab_tc0_0F5 memory region -> *default*
                0x00000000801ffea0        0x0
                0x00000000801ffea0                . = ALIGN (0x8)
 *(.intvec_tc0_245)

.inttab_tc0_0F6 memory region -> *default*
                0x00000000801ffec0        0x0
                0x00000000801ffec0                . = ALIGN (0x8)
 *(.intvec_tc0_246)

.inttab_tc0_0F7 memory region -> *default*
                0x00000000801ffee0        0x0
                0x00000000801ffee0                . = ALIGN (0x8)
 *(.intvec_tc0_247)

.inttab_tc0_0F8 memory region -> *default*
                0x00000000801fff00        0x0
                0x00000000801fff00                . = ALIGN (0x8)
 *(.intvec_tc0_248)

.inttab_tc0_0F9 memory region -> *default*
                0x00000000801fff20        0x0
                0x00000000801fff20                . = ALIGN (0x8)
 *(.intvec_tc0_249)

.inttab_tc0_0FA memory region -> *default*
                0x00000000801fff40        0x0
                0x00000000801fff40                . = ALIGN (0x8)
 *(.intvec_tc0_250)

.inttab_tc0_0FB memory region -> *default*
                0x00000000801fff60        0x0
                0x00000000801fff60                . = ALIGN (0x8)
 *(.intvec_tc0_251)

.inttab_tc0_0FC memory region -> *default*
                0x00000000801fff80        0x0
                0x00000000801fff80                . = ALIGN (0x8)
 *(.intvec_tc0_252)

.inttab_tc0_0FD memory region -> *default*
                0x00000000801fffa0        0x0
                0x00000000801fffa0                . = ALIGN (0x8)
 *(.intvec_tc0_253)

.inttab_tc0_0FE memory region -> *default*
                0x00000000801fffc0        0x0
                0x00000000801fffc0                . = ALIGN (0x8)
 *(.intvec_tc0_254)

.inttab_tc0_0FF memory region -> *default*
                0x00000000801fffe0        0x0
                0x00000000801fffe0                . = ALIGN (0x8)
 *(.intvec_tc0_255)

.inttab_tc1_000 memory region -> *default*
                0x00000000804fe000        0x0
                0x00000000804fe000                . = ALIGN (0x8)
 *(.intvec_tc1_0)

.inttab_tc1_001 memory region -> *default*
                0x00000000804fe020        0xe
                0x00000000804fe020                . = ALIGN (0x8)
 *(.intvec_tc1_1)
 .intvec_tc1_1  0x00000000804fe020        0xe deps/core/Os/FreeRTOS/CMakeFiles/FreeRTOS.dir/./portable/GCC/tricore_tc36x/port.o

.inttab_tc1_002 memory region -> *default*
                0x00000000804fe040        0xe
                0x00000000804fe040                . = ALIGN (0x8)
 *(.intvec_tc1_2)
 .intvec_tc1_2  0x00000000804fe040        0xe deps/core/Os/FreeRTOS/CMakeFiles/FreeRTOS.dir/./portable/GCC/tricore_tc36x/port.o

.inttab_tc1_003 memory region -> *default*
                0x00000000804fe060        0xe
                0x00000000804fe060                . = ALIGN (0x8)
 *(.intvec_tc1_3)
 .intvec_tc1_3  0x00000000804fe060        0xe deps/core/Os/FreeRTOS/CMakeFiles/FreeRTOS.dir/./portable/GCC/tricore_tc36x/port.o

.inttab_tc1_004 memory region -> *default*
                0x00000000804fe080        0x0
                0x00000000804fe080                . = ALIGN (0x8)
 *(.intvec_tc1_4)

.inttab_tc1_005 memory region -> *default*
                0x00000000804fe0a0        0x0
                0x00000000804fe0a0                . = ALIGN (0x8)
 *(.intvec_tc1_5)

.inttab_tc1_006 memory region -> *default*
                0x00000000804fe0c0        0x0
                0x00000000804fe0c0                . = ALIGN (0x8)
 *(.intvec_tc1_6)

.inttab_tc1_007 memory region -> *default*
                0x00000000804fe0e0        0x0
                0x00000000804fe0e0                . = ALIGN (0x8)
 *(.intvec_tc1_7)

.inttab_tc1_008 memory region -> *default*
                0x00000000804fe100        0x0
                0x00000000804fe100                . = ALIGN (0x8)
 *(.intvec_tc1_8)

.inttab_tc1_009 memory region -> *default*
                0x00000000804fe120        0x0
                0x00000000804fe120                . = ALIGN (0x8)
 *(.intvec_tc1_9)

.inttab_tc1_00A memory region -> *default*
                0x00000000804fe140        0x0
                0x00000000804fe140                . = ALIGN (0x8)
 *(.intvec_tc1_10)

.inttab_tc1_00B memory region -> *default*
                0x00000000804fe160        0x0
                0x00000000804fe160                . = ALIGN (0x8)
 *(.intvec_tc1_11)

.inttab_tc1_00C memory region -> *default*
                0x00000000804fe180        0x0
                0x00000000804fe180                . = ALIGN (0x8)
 *(.intvec_tc1_12)

.inttab_tc1_00D memory region -> *default*
                0x00000000804fe1a0        0x0
                0x00000000804fe1a0                . = ALIGN (0x8)
 *(.intvec_tc1_13)

.inttab_tc1_00E memory region -> *default*
                0x00000000804fe1c0        0x0
                0x00000000804fe1c0                . = ALIGN (0x8)
 *(.intvec_tc1_14)

.inttab_tc1_00F memory region -> *default*
                0x00000000804fe1e0        0x0
                0x00000000804fe1e0                . = ALIGN (0x8)
 *(.intvec_tc1_15)

.inttab_tc1_010 memory region -> *default*
                0x00000000804fe200        0x0
                0x00000000804fe200                . = ALIGN (0x8)
 *(.intvec_tc1_16)

.inttab_tc1_011 memory region -> *default*
                0x00000000804fe220        0x0
                0x00000000804fe220                . = ALIGN (0x8)
 *(.intvec_tc1_17)

.inttab_tc1_012 memory region -> *default*
                0x00000000804fe240        0x0
                0x00000000804fe240                . = ALIGN (0x8)
 *(.intvec_tc1_18)

.inttab_tc1_013 memory region -> *default*
                0x00000000804fe260        0x0
                0x00000000804fe260                . = ALIGN (0x8)
 *(.intvec_tc1_19)

.inttab_tc1_014 memory region -> *default*
                0x00000000804fe280        0x0
                0x00000000804fe280                . = ALIGN (0x8)
 *(.intvec_tc1_20)

.inttab_tc1_015 memory region -> *default*
                0x00000000804fe2a0        0x0
                0x00000000804fe2a0                . = ALIGN (0x8)
 *(.intvec_tc1_21)

.inttab_tc1_016 memory region -> *default*
                0x00000000804fe2c0        0x0
                0x00000000804fe2c0                . = ALIGN (0x8)
 *(.intvec_tc1_22)

.inttab_tc1_017 memory region -> *default*
                0x00000000804fe2e0        0x0
                0x00000000804fe2e0                . = ALIGN (0x8)
 *(.intvec_tc1_23)

.inttab_tc1_018 memory region -> *default*
                0x00000000804fe300        0x0
                0x00000000804fe300                . = ALIGN (0x8)
 *(.intvec_tc1_24)

.inttab_tc1_019 memory region -> *default*
                0x00000000804fe320        0x0
                0x00000000804fe320                . = ALIGN (0x8)
 *(.intvec_tc1_25)

.inttab_tc1_01A memory region -> *default*
                0x00000000804fe340        0x0
                0x00000000804fe340                . = ALIGN (0x8)
 *(.intvec_tc1_26)

.inttab_tc1_01B memory region -> *default*
                0x00000000804fe360        0x0
                0x00000000804fe360                . = ALIGN (0x8)
 *(.intvec_tc1_27)

.inttab_tc1_01C memory region -> *default*
                0x00000000804fe380        0x0
                0x00000000804fe380                . = ALIGN (0x8)
 *(.intvec_tc1_28)

.inttab_tc1_01D memory region -> *default*
                0x00000000804fe3a0        0x0
                0x00000000804fe3a0                . = ALIGN (0x8)
 *(.intvec_tc1_29)

.inttab_tc1_01E memory region -> *default*
                0x00000000804fe3c0        0x0
                0x00000000804fe3c0                . = ALIGN (0x8)
 *(.intvec_tc1_30)

.inttab_tc1_01F memory region -> *default*
                0x00000000804fe3e0        0x0
                0x00000000804fe3e0                . = ALIGN (0x8)
 *(.intvec_tc1_31)

.inttab_tc1_020 memory region -> *default*
                0x00000000804fe400        0x0
                0x00000000804fe400                . = ALIGN (0x8)
 *(.intvec_tc1_32)

.inttab_tc1_021 memory region -> *default*
                0x00000000804fe420        0x0
                0x00000000804fe420                . = ALIGN (0x8)
 *(.intvec_tc1_33)

.inttab_tc1_022 memory region -> *default*
                0x00000000804fe440        0x0
                0x00000000804fe440                . = ALIGN (0x8)
 *(.intvec_tc1_34)

.inttab_tc1_023 memory region -> *default*
                0x00000000804fe460        0x0
                0x00000000804fe460                . = ALIGN (0x8)
 *(.intvec_tc1_35)

.inttab_tc1_024 memory region -> *default*
                0x00000000804fe480        0x0
                0x00000000804fe480                . = ALIGN (0x8)
 *(.intvec_tc1_36)

.inttab_tc1_025 memory region -> *default*
                0x00000000804fe4a0        0x0
                0x00000000804fe4a0                . = ALIGN (0x8)
 *(.intvec_tc1_37)

.inttab_tc1_026 memory region -> *default*
                0x00000000804fe4c0        0x0
                0x00000000804fe4c0                . = ALIGN (0x8)
 *(.intvec_tc1_38)

.inttab_tc1_027 memory region -> *default*
                0x00000000804fe4e0        0x0
                0x00000000804fe4e0                . = ALIGN (0x8)
 *(.intvec_tc1_39)

.inttab_tc1_028 memory region -> *default*
                0x00000000804fe500        0x0
                0x00000000804fe500                . = ALIGN (0x8)
 *(.intvec_tc1_40)

.inttab_tc1_029 memory region -> *default*
                0x00000000804fe520        0x0
                0x00000000804fe520                . = ALIGN (0x8)
 *(.intvec_tc1_41)

.inttab_tc1_02A memory region -> *default*
                0x00000000804fe540        0x0
                0x00000000804fe540                . = ALIGN (0x8)
 *(.intvec_tc1_42)

.inttab_tc1_02B memory region -> *default*
                0x00000000804fe560        0x0
                0x00000000804fe560                . = ALIGN (0x8)
 *(.intvec_tc1_43)

.inttab_tc1_02C memory region -> *default*
                0x00000000804fe580        0x0
                0x00000000804fe580                . = ALIGN (0x8)
 *(.intvec_tc1_44)

.inttab_tc1_02D memory region -> *default*
                0x00000000804fe5a0        0x0
                0x00000000804fe5a0                . = ALIGN (0x8)
 *(.intvec_tc1_45)

.inttab_tc1_02E memory region -> *default*
                0x00000000804fe5c0        0x0
                0x00000000804fe5c0                . = ALIGN (0x8)
 *(.intvec_tc1_46)

.inttab_tc1_02F memory region -> *default*
                0x00000000804fe5e0        0x0
                0x00000000804fe5e0                . = ALIGN (0x8)
 *(.intvec_tc1_47)

.inttab_tc1_030 memory region -> *default*
                0x00000000804fe600        0x0
                0x00000000804fe600                . = ALIGN (0x8)
 *(.intvec_tc1_48)

.inttab_tc1_031 memory region -> *default*
                0x00000000804fe620        0x0
                0x00000000804fe620                . = ALIGN (0x8)
 *(.intvec_tc1_49)

.inttab_tc1_032 memory region -> *default*
                0x00000000804fe640        0x0
                0x00000000804fe640                . = ALIGN (0x8)
 *(.intvec_tc1_50)

.inttab_tc1_033 memory region -> *default*
                0x00000000804fe660        0x0
                0x00000000804fe660                . = ALIGN (0x8)
 *(.intvec_tc1_51)

.inttab_tc1_034 memory region -> *default*
                0x00000000804fe680        0x0
                0x00000000804fe680                . = ALIGN (0x8)
 *(.intvec_tc1_52)

.inttab_tc1_035 memory region -> *default*
                0x00000000804fe6a0        0x0
                0x00000000804fe6a0                . = ALIGN (0x8)
 *(.intvec_tc1_53)

.inttab_tc1_036 memory region -> *default*
                0x00000000804fe6c0        0x0
                0x00000000804fe6c0                . = ALIGN (0x8)
 *(.intvec_tc1_54)

.inttab_tc1_037 memory region -> *default*
                0x00000000804fe6e0        0x0
                0x00000000804fe6e0                . = ALIGN (0x8)
 *(.intvec_tc1_55)

.inttab_tc1_038 memory region -> *default*
                0x00000000804fe700        0x0
                0x00000000804fe700                . = ALIGN (0x8)
 *(.intvec_tc1_56)

.inttab_tc1_039 memory region -> *default*
                0x00000000804fe720        0x0
                0x00000000804fe720                . = ALIGN (0x8)
 *(.intvec_tc1_57)

.inttab_tc1_03A memory region -> *default*
                0x00000000804fe740        0x0
                0x00000000804fe740                . = ALIGN (0x8)
 *(.intvec_tc1_58)

.inttab_tc1_03B memory region -> *default*
                0x00000000804fe760        0x0
                0x00000000804fe760                . = ALIGN (0x8)
 *(.intvec_tc1_59)

.inttab_tc1_03C memory region -> *default*
                0x00000000804fe780        0x0
                0x00000000804fe780                . = ALIGN (0x8)
 *(.intvec_tc1_60)

.inttab_tc1_03D memory region -> *default*
                0x00000000804fe7a0        0x0
                0x00000000804fe7a0                . = ALIGN (0x8)
 *(.intvec_tc1_61)

.inttab_tc1_03E memory region -> *default*
                0x00000000804fe7c0        0x0
                0x00000000804fe7c0                . = ALIGN (0x8)
 *(.intvec_tc1_62)

.inttab_tc1_03F memory region -> *default*
                0x00000000804fe7e0        0x0
                0x00000000804fe7e0                . = ALIGN (0x8)
 *(.intvec_tc1_63)

.inttab_tc1_040 memory region -> *default*
                0x00000000804fe800        0x0
                0x00000000804fe800                . = ALIGN (0x8)
 *(.intvec_tc1_64)

.inttab_tc1_041 memory region -> *default*
                0x00000000804fe820        0x0
                0x00000000804fe820                . = ALIGN (0x8)
 *(.intvec_tc1_65)

.inttab_tc1_042 memory region -> *default*
                0x00000000804fe840        0x0
                0x00000000804fe840                . = ALIGN (0x8)
 *(.intvec_tc1_66)

.inttab_tc1_043 memory region -> *default*
                0x00000000804fe860        0x0
                0x00000000804fe860                . = ALIGN (0x8)
 *(.intvec_tc1_67)

.inttab_tc1_044 memory region -> *default*
                0x00000000804fe880        0x0
                0x00000000804fe880                . = ALIGN (0x8)
 *(.intvec_tc1_68)

.inttab_tc1_045 memory region -> *default*
                0x00000000804fe8a0        0x0
                0x00000000804fe8a0                . = ALIGN (0x8)
 *(.intvec_tc1_69)

.inttab_tc1_046 memory region -> *default*
                0x00000000804fe8c0        0x0
                0x00000000804fe8c0                . = ALIGN (0x8)
 *(.intvec_tc1_70)

.inttab_tc1_047 memory region -> *default*
                0x00000000804fe8e0        0x0
                0x00000000804fe8e0                . = ALIGN (0x8)
 *(.intvec_tc1_71)

.inttab_tc1_048 memory region -> *default*
                0x00000000804fe900        0x0
                0x00000000804fe900                . = ALIGN (0x8)
 *(.intvec_tc1_72)

.inttab_tc1_049 memory region -> *default*
                0x00000000804fe920        0x0
                0x00000000804fe920                . = ALIGN (0x8)
 *(.intvec_tc1_73)

.inttab_tc1_04A memory region -> *default*
                0x00000000804fe940        0x0
                0x00000000804fe940                . = ALIGN (0x8)
 *(.intvec_tc1_74)

.inttab_tc1_04B memory region -> *default*
                0x00000000804fe960        0x0
                0x00000000804fe960                . = ALIGN (0x8)
 *(.intvec_tc1_75)

.inttab_tc1_04C memory region -> *default*
                0x00000000804fe980        0x0
                0x00000000804fe980                . = ALIGN (0x8)
 *(.intvec_tc1_76)

.inttab_tc1_04D memory region -> *default*
                0x00000000804fe9a0        0x0
                0x00000000804fe9a0                . = ALIGN (0x8)
 *(.intvec_tc1_77)

.inttab_tc1_04E memory region -> *default*
                0x00000000804fe9c0        0x0
                0x00000000804fe9c0                . = ALIGN (0x8)
 *(.intvec_tc1_78)

.inttab_tc1_04F memory region -> *default*
                0x00000000804fe9e0        0x0
                0x00000000804fe9e0                . = ALIGN (0x8)
 *(.intvec_tc1_79)

.inttab_tc1_050 memory region -> *default*
                0x00000000804fea00        0x0
                0x00000000804fea00                . = ALIGN (0x8)
 *(.intvec_tc1_80)

.inttab_tc1_051 memory region -> *default*
                0x00000000804fea20        0x0
                0x00000000804fea20                . = ALIGN (0x8)
 *(.intvec_tc1_81)

.inttab_tc1_052 memory region -> *default*
                0x00000000804fea40        0x0
                0x00000000804fea40                . = ALIGN (0x8)
 *(.intvec_tc1_82)

.inttab_tc1_053 memory region -> *default*
                0x00000000804fea60        0x0
                0x00000000804fea60                . = ALIGN (0x8)
 *(.intvec_tc1_83)

.inttab_tc1_054 memory region -> *default*
                0x00000000804fea80        0x0
                0x00000000804fea80                . = ALIGN (0x8)
 *(.intvec_tc1_84)

.inttab_tc1_055 memory region -> *default*
                0x00000000804feaa0        0x0
                0x00000000804feaa0                . = ALIGN (0x8)
 *(.intvec_tc1_85)

.inttab_tc1_056 memory region -> *default*
                0x00000000804feac0        0x0
                0x00000000804feac0                . = ALIGN (0x8)
 *(.intvec_tc1_86)

.inttab_tc1_057 memory region -> *default*
                0x00000000804feae0        0x0
                0x00000000804feae0                . = ALIGN (0x8)
 *(.intvec_tc1_87)

.inttab_tc1_058 memory region -> *default*
                0x00000000804feb00        0x0
                0x00000000804feb00                . = ALIGN (0x8)
 *(.intvec_tc1_88)

.inttab_tc1_059 memory region -> *default*
                0x00000000804feb20        0x0
                0x00000000804feb20                . = ALIGN (0x8)
 *(.intvec_tc1_89)

.inttab_tc1_05A memory region -> *default*
                0x00000000804feb40        0x0
                0x00000000804feb40                . = ALIGN (0x8)
 *(.intvec_tc1_90)

.inttab_tc1_05B memory region -> *default*
                0x00000000804feb60        0x0
                0x00000000804feb60                . = ALIGN (0x8)
 *(.intvec_tc1_91)

.inttab_tc1_05C memory region -> *default*
                0x00000000804feb80        0x0
                0x00000000804feb80                . = ALIGN (0x8)
 *(.intvec_tc1_92)

.inttab_tc1_05D memory region -> *default*
                0x00000000804feba0        0x0
                0x00000000804feba0                . = ALIGN (0x8)
 *(.intvec_tc1_93)

.inttab_tc1_05E memory region -> *default*
                0x00000000804febc0        0x0
                0x00000000804febc0                . = ALIGN (0x8)
 *(.intvec_tc1_94)

.inttab_tc1_05F memory region -> *default*
                0x00000000804febe0        0x0
                0x00000000804febe0                . = ALIGN (0x8)
 *(.intvec_tc1_95)

.inttab_tc1_060 memory region -> *default*
                0x00000000804fec00        0x0
                0x00000000804fec00                . = ALIGN (0x8)
 *(.intvec_tc1_96)

.inttab_tc1_061 memory region -> *default*
                0x00000000804fec20        0x0
                0x00000000804fec20                . = ALIGN (0x8)
 *(.intvec_tc1_97)

.inttab_tc1_062 memory region -> *default*
                0x00000000804fec40        0x0
                0x00000000804fec40                . = ALIGN (0x8)
 *(.intvec_tc1_98)

.inttab_tc1_063 memory region -> *default*
                0x00000000804fec60        0x0
                0x00000000804fec60                . = ALIGN (0x8)
 *(.intvec_tc1_99)

.inttab_tc1_064 memory region -> *default*
                0x00000000804fec80        0x0
                0x00000000804fec80                . = ALIGN (0x8)
 *(.intvec_tc1_100)

.inttab_tc1_065 memory region -> *default*
                0x00000000804feca0        0x0
                0x00000000804feca0                . = ALIGN (0x8)
 *(.intvec_tc1_101)

.inttab_tc1_066 memory region -> *default*
                0x00000000804fecc0        0x0
                0x00000000804fecc0                . = ALIGN (0x8)
 *(.intvec_tc1_102)

.inttab_tc1_067 memory region -> *default*
                0x00000000804fece0        0x0
                0x00000000804fece0                . = ALIGN (0x8)
 *(.intvec_tc1_103)

.inttab_tc1_068 memory region -> *default*
                0x00000000804fed00        0x0
                0x00000000804fed00                . = ALIGN (0x8)
 *(.intvec_tc1_104)

.inttab_tc1_069 memory region -> *default*
                0x00000000804fed20        0x0
                0x00000000804fed20                . = ALIGN (0x8)
 *(.intvec_tc1_105)

.inttab_tc1_06A memory region -> *default*
                0x00000000804fed40        0x0
                0x00000000804fed40                . = ALIGN (0x8)
 *(.intvec_tc1_106)

.inttab_tc1_06B memory region -> *default*
                0x00000000804fed60        0x0
                0x00000000804fed60                . = ALIGN (0x8)
 *(.intvec_tc1_107)

.inttab_tc1_06C memory region -> *default*
                0x00000000804fed80        0x0
                0x00000000804fed80                . = ALIGN (0x8)
 *(.intvec_tc1_108)

.inttab_tc1_06D memory region -> *default*
                0x00000000804feda0        0x0
                0x00000000804feda0                . = ALIGN (0x8)
 *(.intvec_tc1_109)

.inttab_tc1_06E memory region -> *default*
                0x00000000804fedc0        0x0
                0x00000000804fedc0                . = ALIGN (0x8)
 *(.intvec_tc1_110)

.inttab_tc1_06F memory region -> *default*
                0x00000000804fede0        0x0
                0x00000000804fede0                . = ALIGN (0x8)
 *(.intvec_tc1_111)

.inttab_tc1_070 memory region -> *default*
                0x00000000804fee00        0x0
                0x00000000804fee00                . = ALIGN (0x8)
 *(.intvec_tc1_112)

.inttab_tc1_071 memory region -> *default*
                0x00000000804fee20        0x0
                0x00000000804fee20                . = ALIGN (0x8)
 *(.intvec_tc1_113)

.inttab_tc1_072 memory region -> *default*
                0x00000000804fee40        0x0
                0x00000000804fee40                . = ALIGN (0x8)
 *(.intvec_tc1_114)

.inttab_tc1_073 memory region -> *default*
                0x00000000804fee60        0x0
                0x00000000804fee60                . = ALIGN (0x8)
 *(.intvec_tc1_115)

.inttab_tc1_074 memory region -> *default*
                0x00000000804fee80        0x0
                0x00000000804fee80                . = ALIGN (0x8)
 *(.intvec_tc1_116)

.inttab_tc1_075 memory region -> *default*
                0x00000000804feea0        0x0
                0x00000000804feea0                . = ALIGN (0x8)
 *(.intvec_tc1_117)

.inttab_tc1_076 memory region -> *default*
                0x00000000804feec0        0x0
                0x00000000804feec0                . = ALIGN (0x8)
 *(.intvec_tc1_118)

.inttab_tc1_077 memory region -> *default*
                0x00000000804feee0        0x0
                0x00000000804feee0                . = ALIGN (0x8)
 *(.intvec_tc1_119)

.inttab_tc1_078 memory region -> *default*
                0x00000000804fef00        0x0
                0x00000000804fef00                . = ALIGN (0x8)
 *(.intvec_tc1_120)

.inttab_tc1_079 memory region -> *default*
                0x00000000804fef20        0x0
                0x00000000804fef20                . = ALIGN (0x8)
 *(.intvec_tc1_121)

.inttab_tc1_07A memory region -> *default*
                0x00000000804fef40        0x0
                0x00000000804fef40                . = ALIGN (0x8)
 *(.intvec_tc1_122)

.inttab_tc1_07B memory region -> *default*
                0x00000000804fef60        0x0
                0x00000000804fef60                . = ALIGN (0x8)
 *(.intvec_tc1_123)

.inttab_tc1_07C memory region -> *default*
                0x00000000804fef80        0x0
                0x00000000804fef80                . = ALIGN (0x8)
 *(.intvec_tc1_124)

.inttab_tc1_07D memory region -> *default*
                0x00000000804fefa0        0x0
                0x00000000804fefa0                . = ALIGN (0x8)
 *(.intvec_tc1_125)

.inttab_tc1_07E memory region -> *default*
                0x00000000804fefc0        0x0
                0x00000000804fefc0                . = ALIGN (0x8)
 *(.intvec_tc1_126)

.inttab_tc1_07F memory region -> *default*
                0x00000000804fefe0        0x0
                0x00000000804fefe0                . = ALIGN (0x8)
 *(.intvec_tc1_127)

.inttab_tc1_080 memory region -> *default*
                0x00000000804ff000        0x0
                0x00000000804ff000                . = ALIGN (0x8)
 *(.intvec_tc1_128)

.inttab_tc1_081 memory region -> *default*
                0x00000000804ff020        0x0
                0x00000000804ff020                . = ALIGN (0x8)
 *(.intvec_tc1_129)

.inttab_tc1_082 memory region -> *default*
                0x00000000804ff040        0x0
                0x00000000804ff040                . = ALIGN (0x8)
 *(.intvec_tc1_130)

.inttab_tc1_083 memory region -> *default*
                0x00000000804ff060        0x0
                0x00000000804ff060                . = ALIGN (0x8)
 *(.intvec_tc1_131)

.inttab_tc1_084 memory region -> *default*
                0x00000000804ff080        0x0
                0x00000000804ff080                . = ALIGN (0x8)
 *(.intvec_tc1_132)

.inttab_tc1_085 memory region -> *default*
                0x00000000804ff0a0        0x0
                0x00000000804ff0a0                . = ALIGN (0x8)
 *(.intvec_tc1_133)

.inttab_tc1_086 memory region -> *default*
                0x00000000804ff0c0        0x0
                0x00000000804ff0c0                . = ALIGN (0x8)
 *(.intvec_tc1_134)

.inttab_tc1_087 memory region -> *default*
                0x00000000804ff0e0        0x0
                0x00000000804ff0e0                . = ALIGN (0x8)
 *(.intvec_tc1_135)

.inttab_tc1_088 memory region -> *default*
                0x00000000804ff100        0x0
                0x00000000804ff100                . = ALIGN (0x8)
 *(.intvec_tc1_136)

.inttab_tc1_089 memory region -> *default*
                0x00000000804ff120        0x0
                0x00000000804ff120                . = ALIGN (0x8)
 *(.intvec_tc1_137)

.inttab_tc1_08A memory region -> *default*
                0x00000000804ff140        0x0
                0x00000000804ff140                . = ALIGN (0x8)
 *(.intvec_tc1_138)

.inttab_tc1_08B memory region -> *default*
                0x00000000804ff160        0x0
                0x00000000804ff160                . = ALIGN (0x8)
 *(.intvec_tc1_139)

.inttab_tc1_08C memory region -> *default*
                0x00000000804ff180        0x0
                0x00000000804ff180                . = ALIGN (0x8)
 *(.intvec_tc1_140)

.inttab_tc1_08D memory region -> *default*
                0x00000000804ff1a0        0x0
                0x00000000804ff1a0                . = ALIGN (0x8)
 *(.intvec_tc1_141)

.inttab_tc1_08E memory region -> *default*
                0x00000000804ff1c0        0x0
                0x00000000804ff1c0                . = ALIGN (0x8)
 *(.intvec_tc1_142)

.inttab_tc1_08F memory region -> *default*
                0x00000000804ff1e0        0x0
                0x00000000804ff1e0                . = ALIGN (0x8)
 *(.intvec_tc1_143)

.inttab_tc1_090 memory region -> *default*
                0x00000000804ff200        0x0
                0x00000000804ff200                . = ALIGN (0x8)
 *(.intvec_tc1_144)

.inttab_tc1_091 memory region -> *default*
                0x00000000804ff220        0x0
                0x00000000804ff220                . = ALIGN (0x8)
 *(.intvec_tc1_145)

.inttab_tc1_092 memory region -> *default*
                0x00000000804ff240        0x0
                0x00000000804ff240                . = ALIGN (0x8)
 *(.intvec_tc1_146)

.inttab_tc1_093 memory region -> *default*
                0x00000000804ff260        0x0
                0x00000000804ff260                . = ALIGN (0x8)
 *(.intvec_tc1_147)

.inttab_tc1_094 memory region -> *default*
                0x00000000804ff280        0x0
                0x00000000804ff280                . = ALIGN (0x8)
 *(.intvec_tc1_148)

.inttab_tc1_095 memory region -> *default*
                0x00000000804ff2a0        0x0
                0x00000000804ff2a0                . = ALIGN (0x8)
 *(.intvec_tc1_149)

.inttab_tc1_096 memory region -> *default*
                0x00000000804ff2c0        0x0
                0x00000000804ff2c0                . = ALIGN (0x8)
 *(.intvec_tc1_150)

.inttab_tc1_097 memory region -> *default*
                0x00000000804ff2e0        0x0
                0x00000000804ff2e0                . = ALIGN (0x8)
 *(.intvec_tc1_151)

.inttab_tc1_098 memory region -> *default*
                0x00000000804ff300        0x0
                0x00000000804ff300                . = ALIGN (0x8)
 *(.intvec_tc1_152)

.inttab_tc1_099 memory region -> *default*
                0x00000000804ff320        0x0
                0x00000000804ff320                . = ALIGN (0x8)
 *(.intvec_tc1_153)

.inttab_tc1_09A memory region -> *default*
                0x00000000804ff340        0x0
                0x00000000804ff340                . = ALIGN (0x8)
 *(.intvec_tc1_154)

.inttab_tc1_09B memory region -> *default*
                0x00000000804ff360        0x0
                0x00000000804ff360                . = ALIGN (0x8)
 *(.intvec_tc1_155)

.inttab_tc1_09C memory region -> *default*
                0x00000000804ff380        0x0
                0x00000000804ff380                . = ALIGN (0x8)
 *(.intvec_tc1_156)

.inttab_tc1_09D memory region -> *default*
                0x00000000804ff3a0        0x0
                0x00000000804ff3a0                . = ALIGN (0x8)
 *(.intvec_tc1_157)

.inttab_tc1_09E memory region -> *default*
                0x00000000804ff3c0        0x0
                0x00000000804ff3c0                . = ALIGN (0x8)
 *(.intvec_tc1_158)

.inttab_tc1_09F memory region -> *default*
                0x00000000804ff3e0        0x0
                0x00000000804ff3e0                . = ALIGN (0x8)
 *(.intvec_tc1_159)

.inttab_tc1_0A0 memory region -> *default*
                0x00000000804ff400        0x0
                0x00000000804ff400                . = ALIGN (0x8)
 *(.intvec_tc1_160)

.inttab_tc1_0A1 memory region -> *default*
                0x00000000804ff420        0x0
                0x00000000804ff420                . = ALIGN (0x8)
 *(.intvec_tc1_161)

.inttab_tc1_0A2 memory region -> *default*
                0x00000000804ff440        0x0
                0x00000000804ff440                . = ALIGN (0x8)
 *(.intvec_tc1_162)

.inttab_tc1_0A3 memory region -> *default*
                0x00000000804ff460        0x0
                0x00000000804ff460                . = ALIGN (0x8)
 *(.intvec_tc1_163)

.inttab_tc1_0A4 memory region -> *default*
                0x00000000804ff480        0x0
                0x00000000804ff480                . = ALIGN (0x8)
 *(.intvec_tc1_164)

.inttab_tc1_0A5 memory region -> *default*
                0x00000000804ff4a0        0x0
                0x00000000804ff4a0                . = ALIGN (0x8)
 *(.intvec_tc1_165)

.inttab_tc1_0A6 memory region -> *default*
                0x00000000804ff4c0        0x0
                0x00000000804ff4c0                . = ALIGN (0x8)
 *(.intvec_tc1_166)

.inttab_tc1_0A7 memory region -> *default*
                0x00000000804ff4e0        0x0
                0x00000000804ff4e0                . = ALIGN (0x8)
 *(.intvec_tc1_167)

.inttab_tc1_0A8 memory region -> *default*
                0x00000000804ff500        0x0
                0x00000000804ff500                . = ALIGN (0x8)
 *(.intvec_tc1_168)

.inttab_tc1_0A9 memory region -> *default*
                0x00000000804ff520        0x0
                0x00000000804ff520                . = ALIGN (0x8)
 *(.intvec_tc1_169)

.inttab_tc1_0AA memory region -> *default*
                0x00000000804ff540        0x0
                0x00000000804ff540                . = ALIGN (0x8)
 *(.intvec_tc1_170)

.inttab_tc1_0AB memory region -> *default*
                0x00000000804ff560        0x0
                0x00000000804ff560                . = ALIGN (0x8)
 *(.intvec_tc1_171)

.inttab_tc1_0AC memory region -> *default*
                0x00000000804ff580        0x0
                0x00000000804ff580                . = ALIGN (0x8)
 *(.intvec_tc1_172)

.inttab_tc1_0AD memory region -> *default*
                0x00000000804ff5a0        0x0
                0x00000000804ff5a0                . = ALIGN (0x8)
 *(.intvec_tc1_173)

.inttab_tc1_0AE memory region -> *default*
                0x00000000804ff5c0        0x0
                0x00000000804ff5c0                . = ALIGN (0x8)
 *(.intvec_tc1_174)

.inttab_tc1_0AF memory region -> *default*
                0x00000000804ff5e0        0x0
                0x00000000804ff5e0                . = ALIGN (0x8)
 *(.intvec_tc1_175)

.inttab_tc1_0B0 memory region -> *default*
                0x00000000804ff600        0x0
                0x00000000804ff600                . = ALIGN (0x8)
 *(.intvec_tc1_176)

.inttab_tc1_0B1 memory region -> *default*
                0x00000000804ff620        0x0
                0x00000000804ff620                . = ALIGN (0x8)
 *(.intvec_tc1_177)

.inttab_tc1_0B2 memory region -> *default*
                0x00000000804ff640        0x0
                0x00000000804ff640                . = ALIGN (0x8)
 *(.intvec_tc1_178)

.inttab_tc1_0B3 memory region -> *default*
                0x00000000804ff660        0x0
                0x00000000804ff660                . = ALIGN (0x8)
 *(.intvec_tc1_179)

.inttab_tc1_0B4 memory region -> *default*
                0x00000000804ff680        0x0
                0x00000000804ff680                . = ALIGN (0x8)
 *(.intvec_tc1_180)

.inttab_tc1_0B5 memory region -> *default*
                0x00000000804ff6a0        0x0
                0x00000000804ff6a0                . = ALIGN (0x8)
 *(.intvec_tc1_181)

.inttab_tc1_0B6 memory region -> *default*
                0x00000000804ff6c0        0x0
                0x00000000804ff6c0                . = ALIGN (0x8)
 *(.intvec_tc1_182)

.inttab_tc1_0B7 memory region -> *default*
                0x00000000804ff6e0        0x0
                0x00000000804ff6e0                . = ALIGN (0x8)
 *(.intvec_tc1_183)

.inttab_tc1_0B8 memory region -> *default*
                0x00000000804ff700        0x0
                0x00000000804ff700                . = ALIGN (0x8)
 *(.intvec_tc1_184)

.inttab_tc1_0B9 memory region -> *default*
                0x00000000804ff720        0x0
                0x00000000804ff720                . = ALIGN (0x8)
 *(.intvec_tc1_185)

.inttab_tc1_0BA memory region -> *default*
                0x00000000804ff740        0x0
                0x00000000804ff740                . = ALIGN (0x8)
 *(.intvec_tc1_186)

.inttab_tc1_0BB memory region -> *default*
                0x00000000804ff760        0x0
                0x00000000804ff760                . = ALIGN (0x8)
 *(.intvec_tc1_187)

.inttab_tc1_0BC memory region -> *default*
                0x00000000804ff780        0x0
                0x00000000804ff780                . = ALIGN (0x8)
 *(.intvec_tc1_188)

.inttab_tc1_0BD memory region -> *default*
                0x00000000804ff7a0        0x0
                0x00000000804ff7a0                . = ALIGN (0x8)
 *(.intvec_tc1_189)

.inttab_tc1_0BE memory region -> *default*
                0x00000000804ff7c0        0x0
                0x00000000804ff7c0                . = ALIGN (0x8)
 *(.intvec_tc1_190)

.inttab_tc1_0BF memory region -> *default*
                0x00000000804ff7e0        0x0
                0x00000000804ff7e0                . = ALIGN (0x8)
 *(.intvec_tc1_191)

.inttab_tc1_0C0 memory region -> *default*
                0x00000000804ff800        0x0
                0x00000000804ff800                . = ALIGN (0x8)
 *(.intvec_tc1_192)

.inttab_tc1_0C1 memory region -> *default*
                0x00000000804ff820        0x0
                0x00000000804ff820                . = ALIGN (0x8)
 *(.intvec_tc1_193)

.inttab_tc1_0C2 memory region -> *default*
                0x00000000804ff840        0x0
                0x00000000804ff840                . = ALIGN (0x8)
 *(.intvec_tc1_194)

.inttab_tc1_0C3 memory region -> *default*
                0x00000000804ff860        0x0
                0x00000000804ff860                . = ALIGN (0x8)
 *(.intvec_tc1_195)

.inttab_tc1_0C4 memory region -> *default*
                0x00000000804ff880        0x0
                0x00000000804ff880                . = ALIGN (0x8)
 *(.intvec_tc1_196)

.inttab_tc1_0C5 memory region -> *default*
                0x00000000804ff8a0        0x0
                0x00000000804ff8a0                . = ALIGN (0x8)
 *(.intvec_tc1_197)

.inttab_tc1_0C6 memory region -> *default*
                0x00000000804ff8c0        0x0
                0x00000000804ff8c0                . = ALIGN (0x8)
 *(.intvec_tc1_198)

.inttab_tc1_0C7 memory region -> *default*
                0x00000000804ff8e0        0x0
                0x00000000804ff8e0                . = ALIGN (0x8)
 *(.intvec_tc1_199)

.inttab_tc1_0C8 memory region -> *default*
                0x00000000804ff900        0x0
                0x00000000804ff900                . = ALIGN (0x8)
 *(.intvec_tc1_200)

.inttab_tc1_0C9 memory region -> *default*
                0x00000000804ff920        0x0
                0x00000000804ff920                . = ALIGN (0x8)
 *(.intvec_tc1_201)

.inttab_tc1_0CA memory region -> *default*
                0x00000000804ff940        0x0
                0x00000000804ff940                . = ALIGN (0x8)
 *(.intvec_tc1_202)

.inttab_tc1_0CB memory region -> *default*
                0x00000000804ff960        0x0
                0x00000000804ff960                . = ALIGN (0x8)
 *(.intvec_tc1_203)

.inttab_tc1_0CC memory region -> *default*
                0x00000000804ff980        0x0
                0x00000000804ff980                . = ALIGN (0x8)
 *(.intvec_tc1_204)

.inttab_tc1_0CD memory region -> *default*
                0x00000000804ff9a0        0x0
                0x00000000804ff9a0                . = ALIGN (0x8)
 *(.intvec_tc1_205)

.inttab_tc1_0CE memory region -> *default*